Archive member included to satisfy reference by file (symbol)

/opt/st/stm32cubeide_1.15.1/plugins/com.st.stm32cube.ide.mcu.externaltools.gnu-tools-for-stm32.12.3.rel1.linux64_1.0.100.202403111256/tools/bin/../lib/gcc/arm-none-eabi/12.3.1/../../../../arm-none-eabi/lib/thumb/v7e-m+fp/hard/libc_nano.a(libc_a-exit.o)
                              /opt/st/stm32cubeide_1.15.1/plugins/com.st.stm32cube.ide.mcu.externaltools.gnu-tools-for-stm32.12.3.rel1.linux64_1.0.100.202403111256/tools/bin/../lib/gcc/arm-none-eabi/12.3.1/../../../../arm-none-eabi/lib/thumb/v7e-m+fp/hard/crt0.o (exit)
/opt/st/stm32cubeide_1.15.1/plugins/com.st.stm32cube.ide.mcu.externaltools.gnu-tools-for-stm32.12.3.rel1.linux64_1.0.100.202403111256/tools/bin/../lib/gcc/arm-none-eabi/12.3.1/../../../../arm-none-eabi/lib/thumb/v7e-m+fp/hard/libc_nano.a(libc_a-fflush.o)
                              ./app/src/logger.o (fflush)
/opt/st/stm32cubeide_1.15.1/plugins/com.st.stm32cube.ide.mcu.externaltools.gnu-tools-for-stm32.12.3.rel1.linux64_1.0.100.202403111256/tools/bin/../lib/gcc/arm-none-eabi/12.3.1/../../../../arm-none-eabi/lib/thumb/v7e-m+fp/hard/libc_nano.a(libc_a-findfp.o)
                              /opt/st/stm32cubeide_1.15.1/plugins/com.st.stm32cube.ide.mcu.externaltools.gnu-tools-for-stm32.12.3.rel1.linux64_1.0.100.202403111256/tools/bin/../lib/gcc/arm-none-eabi/12.3.1/../../../../arm-none-eabi/lib/thumb/v7e-m+fp/hard/libc_nano.a(libc_a-fflush.o) (__sglue)
/opt/st/stm32cubeide_1.15.1/plugins/com.st.stm32cube.ide.mcu.externaltools.gnu-tools-for-stm32.12.3.rel1.linux64_1.0.100.202403111256/tools/bin/../lib/gcc/arm-none-eabi/12.3.1/../../../../arm-none-eabi/lib/thumb/v7e-m+fp/hard/libc_nano.a(libc_a-fwalk.o)
                              /opt/st/stm32cubeide_1.15.1/plugins/com.st.stm32cube.ide.mcu.externaltools.gnu-tools-for-stm32.12.3.rel1.linux64_1.0.100.202403111256/tools/bin/../lib/gcc/arm-none-eabi/12.3.1/../../../../arm-none-eabi/lib/thumb/v7e-m+fp/hard/libc_nano.a(libc_a-fflush.o) (_fwalk_sglue)
/opt/st/stm32cubeide_1.15.1/plugins/com.st.stm32cube.ide.mcu.externaltools.gnu-tools-for-stm32.12.3.rel1.linux64_1.0.100.202403111256/tools/bin/../lib/gcc/arm-none-eabi/12.3.1/../../../../arm-none-eabi/lib/thumb/v7e-m+fp/hard/libc_nano.a(libc_a-printf.o)
                              ./app/src/logger.o (printf)
/opt/st/stm32cubeide_1.15.1/plugins/com.st.stm32cube.ide.mcu.externaltools.gnu-tools-for-stm32.12.3.rel1.linux64_1.0.100.202403111256/tools/bin/../lib/gcc/arm-none-eabi/12.3.1/../../../../arm-none-eabi/lib/thumb/v7e-m+fp/hard/libc_nano.a(libc_a-sprintf.o)
                              ./app/src/task_button.o (sprintf)
/opt/st/stm32cubeide_1.15.1/plugins/com.st.stm32cube.ide.mcu.externaltools.gnu-tools-for-stm32.12.3.rel1.linux64_1.0.100.202403111256/tools/bin/../lib/gcc/arm-none-eabi/12.3.1/../../../../arm-none-eabi/lib/thumb/v7e-m+fp/hard/libc_nano.a(libc_a-stdio.o)
                              /opt/st/stm32cubeide_1.15.1/plugins/com.st.stm32cube.ide.mcu.externaltools.gnu-tools-for-stm32.12.3.rel1.linux64_1.0.100.202403111256/tools/bin/../lib/gcc/arm-none-eabi/12.3.1/../../../../arm-none-eabi/lib/thumb/v7e-m+fp/hard/libc_nano.a(libc_a-findfp.o) (__sread)
/opt/st/stm32cubeide_1.15.1/plugins/com.st.stm32cube.ide.mcu.externaltools.gnu-tools-for-stm32.12.3.rel1.linux64_1.0.100.202403111256/tools/bin/../lib/gcc/arm-none-eabi/12.3.1/../../../../arm-none-eabi/lib/thumb/v7e-m+fp/hard/libc_nano.a(libc_a-memset.o)
                              /opt/st/stm32cubeide_1.15.1/plugins/com.st.stm32cube.ide.mcu.externaltools.gnu-tools-for-stm32.12.3.rel1.linux64_1.0.100.202403111256/tools/bin/../lib/gcc/arm-none-eabi/12.3.1/../../../../arm-none-eabi/lib/thumb/v7e-m+fp/hard/crt0.o (memset)
/opt/st/stm32cubeide_1.15.1/plugins/com.st.stm32cube.ide.mcu.externaltools.gnu-tools-for-stm32.12.3.rel1.linux64_1.0.100.202403111256/tools/bin/../lib/gcc/arm-none-eabi/12.3.1/../../../../arm-none-eabi/lib/thumb/v7e-m+fp/hard/libc_nano.a(libc_a-strncpy.o)
                              ./app/src/task_uart.o (strncpy)
/opt/st/stm32cubeide_1.15.1/plugins/com.st.stm32cube.ide.mcu.externaltools.gnu-tools-for-stm32.12.3.rel1.linux64_1.0.100.202403111256/tools/bin/../lib/gcc/arm-none-eabi/12.3.1/../../../../arm-none-eabi/lib/thumb/v7e-m+fp/hard/libc_nano.a(libc_a-strnlen.o)
                              ./app/src/task_uart.o (strnlen)
/opt/st/stm32cubeide_1.15.1/plugins/com.st.stm32cube.ide.mcu.externaltools.gnu-tools-for-stm32.12.3.rel1.linux64_1.0.100.202403111256/tools/bin/../lib/gcc/arm-none-eabi/12.3.1/../../../../arm-none-eabi/lib/thumb/v7e-m+fp/hard/libc_nano.a(libc_a-closer.o)
                              /opt/st/stm32cubeide_1.15.1/plugins/com.st.stm32cube.ide.mcu.externaltools.gnu-tools-for-stm32.12.3.rel1.linux64_1.0.100.202403111256/tools/bin/../lib/gcc/arm-none-eabi/12.3.1/../../../../arm-none-eabi/lib/thumb/v7e-m+fp/hard/libc_nano.a(libc_a-stdio.o) (_close_r)
[...]
Memory Configuration

Name             Origin             Length             Attributes
CCMRAM           0x10000000         0x00010000         xrw
RAM              0x20000000         0x00030000         xrw
FLASH            0x08000000         0x00200000         xr
*default*        0x00000000         0xffffffff

Linker script and memory map

LOAD /opt/st/stm32cubeide_1.15.1/plugins/com.st.stm32cube.ide.mcu.externaltools.gnu-tools-for-stm32.12.3.rel1.linux64_1.0.100.202403111256/tools/bin/../lib/gcc/arm-none-eabi/12.3.1/thumb/v7e-m+fp/hard/crti.o
LOAD /opt/st/stm32cubeide_1.15.1/plugins/com.st.stm32cube.ide.mcu.externaltools.gnu-tools-for-stm32.12.3.rel1.linux64_1.0.100.202403111256/tools/bin/../lib/gcc/arm-none-eabi/12.3.1/thumb/v7e-m+fp/hard/crtbegin.o
LOAD /opt/st/stm32cubeide_1.15.1/plugins/com.st.stm32cube.ide.mcu.externaltools.gnu-tools-for-stm32.12.3.rel1.linux64_1.0.100.202403111256/tools/bin/../lib/gcc/arm-none-eabi/12.3.1/../../../../arm-none-eabi/lib/thumb/v7e-m+fp/hard/crt0.o
LOAD ./Core/Src/freertos.o
LOAD ./Core/Src/main.o
LOAD ./Core/Src/stm32f4xx_hal_msp.o
LOAD ./Core/Src/stm32f4xx_it.o
LOAD ./Core/Src/syscalls.o
LOAD ./Core/Src/sysmem.o
LOAD ./Core/Src/system_stm32f4xx.o
LOAD ./Core/Startup/startup_stm32f429zitx.o
LOAD ./Drivers/STM32F4xx_HAL_Driver/Src/stm32f4xx_hal.o
LOAD ./Drivers/STM32F4xx_HAL_Driver/Src/stm32f4xx_hal_cortex.o
LOAD ./Drivers/STM32F4xx_HAL_Driver/Src/stm32f4xx_hal_dma.o
LOAD ./Drivers/STM32F4xx_HAL_Driver/Src/stm32f4xx_hal_dma_ex.o
LOAD ./Drivers/STM32F4xx_HAL_Driver/Src/stm32f4xx_hal_eth.o
LOAD ./Drivers/STM32F4xx_HAL_Driver/Src/stm32f4xx_hal_exti.o
LOAD ./Drivers/STM32F4xx_HAL_Driver/Src/stm32f4xx_hal_flash.o
LOAD ./Drivers/STM32F4xx_HAL_Driver/Src/stm32f4xx_hal_flash_ex.o
LOAD ./Drivers/STM32F4xx_HAL_Driver/Src/stm32f4xx_hal_flash_ramfunc.o
LOAD ./Drivers/STM32F4xx_HAL_Driver/Src/stm32f4xx_hal_gpio.o
LOAD ./Drivers/STM32F4xx_HAL_Driver/Src/stm32f4xx_hal_pcd.o
LOAD ./Drivers/STM32F4xx_HAL_Driver/Src/stm32f4xx_hal_pcd_ex.o
LOAD ./Drivers/STM32F4xx_HAL_Driver/Src/stm32f4xx_hal_pwr.o
LOAD ./Drivers/STM32F4xx_HAL_Driver/Src/stm32f4xx_hal_pwr_ex.o
LOAD ./Drivers/STM32F4xx_HAL_Driver/Src/stm32f4xx_hal_rcc.o
LOAD ./Drivers/STM32F4xx_HAL_Driver/Src/stm32f4xx_hal_rcc_ex.o
LOAD ./Drivers/STM32F4xx_HAL_Driver/Src/stm32f4xx_hal_tim.o
LOAD ./Drivers/STM32F4xx_HAL_Driver/Src/stm32f4xx_hal_tim_ex.o
LOAD ./Drivers/STM32F4xx_HAL_Driver/Src/stm32f4xx_hal_uart.o
LOAD ./Drivers/STM32F4xx_HAL_Driver/Src/stm32f4xx_ll_usb.o
LOAD ./Middlewares/Third_Party/FreeRTOS/Source/CMSIS_RTOS/cmsis_os.o
LOAD ./Middlewares/Third_Party/FreeRTOS/Source/croutine.o
LOAD ./Middlewares/Third_Party/FreeRTOS/Source/event_groups.o
LOAD ./Middlewares/Third_Party/FreeRTOS/Source/list.o
LOAD ./Middlewares/Third_Party/FreeRTOS/Source/queue.o
LOAD ./Middlewares/Third_Party/FreeRTOS/Source/stream_buffer.o
LOAD ./Middlewares/Third_Party/FreeRTOS/Source/tasks.o
LOAD ./Middlewares/Third_Party/FreeRTOS/Source/timers.o
LOAD ./Middlewares/Third_Party/FreeRTOS/Source/portable/GCC/ARM_CM4F/port.o
LOAD ./Middlewares/Third_Party/FreeRTOS/Source/portable/MemMang/heap_4.o
LOAD ./app/src/app.o
LOAD ./app/src/logger.o
LOAD ./app/src/task_button.o
LOAD ./app/src/task_led.o
LOAD ./app/src/task_uart.o
LOAD ./app/src/task_ui.o
START GROUP
LOAD /opt/st/stm32cubeide_1.15.1/plugins/com.st.stm32cube.ide.mcu.externaltools.gnu-tools-for-stm32.12.3.rel1.linux64_1.0.100.202403111256/tools/bin/../lib/gcc/arm-none-eabi/12.3.1/../../../../arm-none-eabi/lib/thumb/v7e-m+fp/hard/libc_nano.a
LOAD /opt/st/stm32cubeide_1.15.1/plugins/com.st.stm32cube.ide.mcu.externaltools.gnu-tools-for-stm32.12.3.rel1.linux64_1.0.100.202403111256/tools/bin/../lib/gcc/arm-none-eabi/12.3.1/../../../../arm-none-eabi/lib/thumb/v7e-m+fp/hard/libm.a
END GROUP
START GROUP
LOAD /opt/st/stm32cubeide_1.15.1/plugins/com.st.stm32cube.ide.mcu.externaltools.gnu-tools-for-stm32.12.3.rel1.linux64_1.0.100.202403111256/tools/bin/../lib/gcc/arm-none-eabi/12.3.1/thumb/v7e-m+fp/hard/libgcc.a
LOAD /opt/st/stm32cubeide_1.15.1/plugins/com.st.stm32cube.ide.mcu.externaltools.gnu-tools-for-stm32.12.3.rel1.linux64_1.0.100.202403111256/tools/bin/../lib/gcc/arm-none-eabi/12.3.1/../../../../arm-none-eabi/lib/thumb/v7e-m+fp/hard/libc_nano.a
END GROUP
START GROUP
LOAD /opt/st/stm32cubeide_1.15.1/plugins/com.st.stm32cube.ide.mcu.externaltools.gnu-tools-for-stm32.12.3.rel1.linux64_1.0.100.202403111256/tools/bin/../lib/gcc/arm-none-eabi/12.3.1/thumb/v7e-m+fp/hard/libgcc.a
LOAD /opt/st/stm32cubeide_1.15.1/plugins/com.st.stm32cube.ide.mcu.externaltools.gnu-tools-for-stm32.12.3.rel1.linux64_1.0.100.202403111256/tools/bin/../lib/gcc/arm-none-eabi/12.3.1/../../../../arm-none-eabi/lib/thumb/v7e-m+fp/hard/libc_nano.a
END GROUP
LOAD /opt/st/stm32cubeide_1.15.1/plugins/com.st.stm32cube.ide.mcu.externaltools.gnu-tools-for-stm32.12.3.rel1.linux64_1.0.100.202403111256/tools/bin/../lib/gcc/arm-none-eabi/12.3.1/thumb/v7e-m+fp/hard/crtend.o
LOAD /opt/st/stm32cubeide_1.15.1/plugins/com.st.stm32cube.ide.mcu.externaltools.gnu-tools-for-stm32.12.3.rel1.linux64_1.0.100.202403111256/tools/bin/../lib/gcc/arm-none-eabi/12.3.1/thumb/v7e-m+fp/hard/crtn.o
                0x20030000                        _estack = (ORIGIN (RAM) + LENGTH (RAM))
                0x00000200                        _Min_Heap_Size = 0x200
                0x00000400                        _Min_Stack_Size = 0x400

.isr_vector     0x08000000      0x1ac
                0x08000000                        . = ALIGN (0x4)
 *(.isr_vector)
 .isr_vector    0x08000000      0x1ac ./Core/Startup/startup_stm32f429zitx.o
                0x08000000                g_pfnVectors
                0x080001ac                        . = ALIGN (0x4)

.text           0x080001b0     0x67c0
                0x080001b0                        . = ALIGN (0x4)
 *(.text)
 .text          0x080001b0       0x40 /opt/st/stm32cubeide_1.15.1/plugins/com.st.stm32cube.ide.mcu.externaltools.gnu-tools-for-stm32.12.3.rel1.linux64_1.0.100.202403111256/tools/bin/../lib/gcc/arm-none-eabi/12.3.1/thumb/v7e-m+fp/hard/crtbegin.o
 .text          0x080001f0       0x10 /opt/st/stm32cubeide_1.15.1/plugins/com.st.stm32cube.ide.mcu.externaltools.gnu-tools-for-stm32.12.3.rel1.linux64_1.0.100.202403111256/tools/bin/../lib/gcc/arm-none-eabi/12.3.1/../../../../arm-none-eabi/lib/thumb/v7e-m+fp/hard/libc_nano.a(libc_a-strlen.o)
                0x080001f0                strlen
 .text          0x08000200       0xa0 /opt/st/stm32cubeide_1.15.1/plugins/com.st.stm32cube.ide.mcu.externaltools.gnu-tools-for-stm32.12.3.rel1.linux64_1.0.100.202403111256/tools/bin/../lib/gcc/arm-none-eabi/12.3.1/../../../../arm-none-eabi/lib/thumb/v7e-m+fp/hard/libc_nano.a(libc_a-memchr.o)
                0x08000200                memchr
 .text          0x080002a0       0x30 /opt/st/stm32cubeide_1.15.1/plugins/com.st.stm32cube.ide.mcu.externaltools.gnu-tools-for-stm32.12.3.rel1.linux64_1.0.100.202403111256/tools/bin/../lib/gcc/arm-none-eabi/12.3.1/thumb/v7e-m+fp/hard/libgcc.a(_aeabi_uldivmod.o)
                0x080002a0                __aeabi_uldivmod
 .text          0x080002d0      0x2bc /opt/st/stm32cubeide_1.15.1/plugins/com.st.stm32cube.ide.mcu.externaltools.gnu-tools-for-stm32.12.3.rel1.linux64_1.0.100.202403111256/tools/bin/../lib/gcc/arm-none-eabi/12.3.1/thumb/v7e-m+fp/hard/libgcc.a(_udivmoddi4.o)
                0x080002d0                __udivmoddi4
 .text          0x0800058c        0x4 /opt/st/stm32cubeide_1.15.1/plugins/com.st.stm32cube.ide.mcu.externaltools.gnu-tools-for-stm32.12.3.rel1.linux64_1.0.100.202403111256/tools/bin/../lib/gcc/arm-none-eabi/12.3.1/thumb/v7e-m+fp/hard/libgcc.a(_dvmd_tls.o)
                0x0800058c                __aeabi_ldiv0
                0x0800058c                __aeabi_idiv0
 *(.text*)
 .text.vApplicationGetIdleTaskMemory
                0x08000590       0x34 ./Core/Src/freertos.o
                0x08000590                vApplicationGetIdleTaskMemory
 .text.main     0x080005c4       0x54 ./Core/Src/main.o
                0x080005c4                main
 .text.SystemClock_Config
                0x08000618       0xd4 ./Core/Src/main.o
                0x08000618                SystemClock_Config
 .text.MX_ETH_Init
                0x080006ec       0x9c ./Core/Src/main.o
 .text.MX_USART2_UART_Init
                0x08000788       0x54 ./Core/Src/main.o
 .text.MX_USB_OTG_FS_PCD_Init
                0x080007dc       0x5c ./Core/Src/main.o
 .text.MX_GPIO_Init
                0x08000838      0x180 ./Core/Src/main.o
 .text.StartDefaultTask
                0x080009b8       0x10 ./Core/Src/main.o
                0x080009b8                StartDefaultTask
 .text.Error_Handler
                0x080009c8        0xc ./Core/Src/main.o
                0x080009c8                Error_Handler
 .text.HAL_MspInit
                0x080009d4       0x58 ./Core/Src/stm32f4xx_hal_msp.o
                0x080009d4                HAL_MspInit
 .text.HAL_ETH_MspInit
                0x08000a2c      0x18c ./Core/Src/stm32f4xx_hal_msp.o
                0x08000a2c                HAL_ETH_MspInit
 .text.HAL_UART_MspInit
                0x08000bb8       0xd0 ./Core/Src/stm32f4xx_hal_msp.o
                0x08000bb8                HAL_UART_MspInit
 .text.HAL_PCD_MspInit
                0x08000c88       0xb4 ./Core/Src/stm32f4xx_hal_msp.o
                0x08000c88                HAL_PCD_MspInit
 .text.NMI_Handler
                0x08000d3c        0x8 ./Core/Src/stm32f4xx_it.o
                0x08000d3c                NMI_Handler
 .text.HardFault_Handler
                0x08000d44        0x8 ./Core/Src/stm32f4xx_it.o
                0x08000d44                HardFault_Handler
 .text.MemManage_Handler
                0x08000d4c        0x8 ./Core/Src/stm32f4xx_it.o
                0x08000d4c                MemManage_Handler
 .text.BusFault_Handler
                0x08000d54        0x8 ./Core/Src/stm32f4xx_it.o
                0x08000d54                BusFault_Handler
 .text.UsageFault_Handler
                0x08000d5c        0x8 ./Core/Src/stm32f4xx_it.o
                0x08000d5c                UsageFault_Handler
 .text.DebugMon_Handler
                0x08000d64        0xe ./Core/Src/stm32f4xx_it.o
                0x08000d64                DebugMon_Handler
 .text.SysTick_Handler
                0x08000d72       0x1a ./Core/Src/stm32f4xx_it.o
                0x08000d72                SysTick_Handler
 .text._sbrk    0x08000d8c       0x6c ./Core/Src/sysmem.o
                0x08000d8c                _sbrk
 .text.SystemInit
                0x08000df8       0x24 ./Core/Src/system_stm32f4xx.o
                0x08000df8                SystemInit
 .text.Reset_Handler
                0x08000e1c       0x50 ./Core/Startup/startup_stm32f429zitx.o
                0x08000e1c                Reset_Handler
 .text.Default_Handler
                0x08000e6c        0x2 ./Core/Startup/startup_stm32f429zitx.o
                0x08000e6c                RTC_Alarm_IRQHandler
                0x08000e6c                HASH_RNG_IRQHandler
                0x08000e6c                EXTI2_IRQHandler
                0x08000e6c                TIM8_CC_IRQHandler
                0x08000e6c                UART8_IRQHandler
                0x08000e6c                SPI4_IRQHandler
                0x08000e6c                TIM1_CC_IRQHandler
                0x08000e6c                DMA2_Stream5_IRQHandler
                0x08000e6c                DMA1_Stream5_IRQHandler
                0x08000e6c                PVD_IRQHandler
                0x08000e6c                SDIO_IRQHandler
                0x08000e6c                TAMP_STAMP_IRQHandler
                0x08000e6c                CAN2_RX1_IRQHandler
                0x08000e6c                EXTI3_IRQHandler
                0x08000e6c                TIM8_TRG_COM_TIM14_IRQHandler
                0x08000e6c                TIM1_UP_TIM10_IRQHandler
                0x08000e6c                TIM8_UP_TIM13_IRQHandler
                0x08000e6c                I2C3_ER_IRQHandler
                0x08000e6c                EXTI0_IRQHandler
                0x08000e6c                I2C2_EV_IRQHandler
                0x08000e6c                DMA1_Stream2_IRQHandler
                0x08000e6c                CAN1_RX0_IRQHandler
                0x08000e6c                FPU_IRQHandler
                0x08000e6c                OTG_HS_WKUP_IRQHandler
                0x08000e6c                LTDC_ER_IRQHandler
                0x08000e6c                CAN2_SCE_IRQHandler
                0x08000e6c                DMA2_Stream2_IRQHandler
                0x08000e6c                SPI1_IRQHandler
                0x08000e6c                TIM6_DAC_IRQHandler
                0x08000e6c                TIM1_BRK_TIM9_IRQHandler
                0x08000e6c                DCMI_IRQHandler
                0x08000e6c                CAN2_RX0_IRQHandler
                0x08000e6c                DMA2_Stream3_IRQHandler
                0x08000e6c                USART6_IRQHandler
                0x08000e6c                USART3_IRQHandler
                0x08000e6c                CAN1_RX1_IRQHandler
                0x08000e6c                UART5_IRQHandler
                0x08000e6c                DMA2_Stream0_IRQHandler
                0x08000e6c                TIM4_IRQHandler
                0x08000e6c                I2C1_EV_IRQHandler
                0x08000e6c                DMA1_Stream6_IRQHandler
                0x08000e6c                DMA1_Stream1_IRQHandler
                0x08000e6c                UART4_IRQHandler
                0x08000e6c                TIM3_IRQHandler
                0x08000e6c                RCC_IRQHandler
                0x08000e6c                TIM8_BRK_TIM12_IRQHandler
                0x08000e6c                Default_Handler
                0x08000e6c                EXTI15_10_IRQHandler
                0x08000e6c                ADC_IRQHandler
                0x08000e6c                DMA1_Stream7_IRQHandler
                0x08000e6c                SPI5_IRQHandler
                0x08000e6c                TIM7_IRQHandler
                0x08000e6c                CAN2_TX_IRQHandler
                0x08000e6c                TIM5_IRQHandler
                0x08000e6c                DMA2_Stream7_IRQHandler
                0x08000e6c                I2C3_EV_IRQHandler
                0x08000e6c                EXTI9_5_IRQHandler
                0x08000e6c                RTC_WKUP_IRQHandler
                0x08000e6c                LTDC_IRQHandler
                0x08000e6c                ETH_WKUP_IRQHandler
                0x08000e6c                SPI2_IRQHandler
                0x08000e6c                OTG_HS_EP1_IN_IRQHandler
                0x08000e6c                DMA1_Stream0_IRQHandler
                0x08000e6c                CAN1_TX_IRQHandler
                0x08000e6c                EXTI4_IRQHandler
                0x08000e6c                ETH_IRQHandler
                0x08000e6c                OTG_HS_EP1_OUT_IRQHandler
                0x08000e6c                WWDG_IRQHandler
                0x08000e6c                SPI6_IRQHandler
                0x08000e6c                TIM2_IRQHandler
                0x08000e6c                OTG_FS_WKUP_IRQHandler
                0x08000e6c                TIM1_TRG_COM_TIM11_IRQHandler
                0x08000e6c                OTG_HS_IRQHandler
                0x08000e6c                DMA2D_IRQHandler
                0x08000e6c                EXTI1_IRQHandler
                0x08000e6c                UART7_IRQHandler
                0x08000e6c                USART2_IRQHandler
                0x08000e6c                I2C2_ER_IRQHandler
                0x08000e6c                DMA2_Stream1_IRQHandler
                0x08000e6c                CAN1_SCE_IRQHandler
                0x08000e6c                FLASH_IRQHandler
                0x08000e6c                DMA2_Stream4_IRQHandler
                0x08000e6c                USART1_IRQHandler
                0x08000e6c                OTG_FS_IRQHandler
                0x08000e6c                SPI3_IRQHandler
                0x08000e6c                DMA1_Stream4_IRQHandler
                0x08000e6c                I2C1_ER_IRQHandler
                0x08000e6c                FMC_IRQHandler
                0x08000e6c                DMA2_Stream6_IRQHandler
                0x08000e6c                SAI1_IRQHandler
                0x08000e6c                DMA1_Stream3_IRQHandler
 *fill*         0x08000e6e        0x2 
 .text.HAL_Init
                0x08000e70       0x44 ./Drivers/STM32F4xx_HAL_Driver/Src/stm32f4xx_hal.o
                0x08000e70                HAL_Init
 .text.HAL_InitTick
                0x08000eb4       0x60 ./Drivers/STM32F4xx_HAL_Driver/Src/stm32f4xx_hal.o
                0x08000eb4                HAL_InitTick
 .text.HAL_IncTick
                0x08000f14       0x28 ./Drivers/STM32F4xx_HAL_Driver/Src/stm32f4xx_hal.o
                0x08000f14                HAL_IncTick
 .text.HAL_GetTick
                0x08000f3c       0x18 ./Drivers/STM32F4xx_HAL_Driver/Src/stm32f4xx_hal.o
                0x08000f3c                HAL_GetTick
 .text.HAL_Delay
                0x08000f54       0x48 ./Drivers/STM32F4xx_HAL_Driver/Src/stm32f4xx_hal.o
                0x08000f54                HAL_Delay
 .text.__NVIC_SetPriorityGrouping
                0x08000f9c       0x48 ./Drivers/STM32F4xx_HAL_Driver/Src/stm32f4xx_hal_cortex.o
 .text.__NVIC_GetPriorityGrouping
                0x08000fe4       0x1c ./Drivers/STM32F4xx_HAL_Driver/Src/stm32f4xx_hal_cortex.o
 .text.__NVIC_SetPriority
                0x08001000       0x54 ./Drivers/STM32F4xx_HAL_Driver/Src/stm32f4xx_hal_cortex.o
 .text.NVIC_EncodePriority
                0x08001054       0x66 ./Drivers/STM32F4xx_HAL_Driver/Src/stm32f4xx_hal_cortex.o
 *fill*         0x080010ba        0x2 
 .text.SysTick_Config
                0x080010bc       0x44 ./Drivers/STM32F4xx_HAL_Driver/Src/stm32f4xx_hal_cortex.o
 .text.HAL_NVIC_SetPriorityGrouping
                0x08001100       0x16 ./Drivers/STM32F4xx_HAL_Driver/Src/stm32f4xx_hal_cortex.o
                0x08001100                HAL_NVIC_SetPriorityGrouping
 .text.HAL_NVIC_SetPriority
                0x08001116       0x38 ./Drivers/STM32F4xx_HAL_Driver/Src/stm32f4xx_hal_cortex.o
                0x08001116                HAL_NVIC_SetPriority
 .text.HAL_SYSTICK_Config
                0x0800114e       0x18 ./Drivers/STM32F4xx_HAL_Driver/Src/stm32f4xx_hal_cortex.o
                0x0800114e                HAL_SYSTICK_Config
 *fill*         0x08001166        0x2 
 .text.HAL_ETH_Init
                0x08001168      0x138 ./Drivers/STM32F4xx_HAL_Driver/Src/stm32f4xx_hal_eth.o
                0x08001168                HAL_ETH_Init
 .text.ETH_SetMACConfig
                0x080012a0      0x168 ./Drivers/STM32F4xx_HAL_Driver/Src/stm32f4xx_hal_eth.o
 .text.ETH_SetDMAConfig
                0x08001408      0x114 ./Drivers/STM32F4xx_HAL_Driver/Src/stm32f4xx_hal_eth.o
 .text.ETH_MACDMAConfig
                0x0800151c       0xea ./Drivers/STM32F4xx_HAL_Driver/Src/stm32f4xx_hal_eth.o
 *fill*         0x08001606        0x2 
 .text.ETH_MACAddressConfig
                0x08001608       0x70 ./Drivers/STM32F4xx_HAL_Driver/Src/stm32f4xx_hal_eth.o
 .text.ETH_DMATxDescListInit
                0x08001678       0xb2 ./Drivers/STM32F4xx_HAL_Driver/Src/stm32f4xx_hal_eth.o
 .text.ETH_DMARxDescListInit
                0x0800172a       0xde ./Drivers/STM32F4xx_HAL_Driver/Src/stm32f4xx_hal_eth.o
 .text.HAL_GPIO_Init
                0x08001808      0x358 ./Drivers/STM32F4xx_HAL_Driver/Src/stm32f4xx_hal_gpio.o
                0x08001808                HAL_GPIO_Init
 .text.HAL_GPIO_ReadPin
                0x08001b60       0x30 ./Drivers/STM32F4xx_HAL_Driver/Src/stm32f4xx_hal_gpio.o
                0x08001b60                HAL_GPIO_ReadPin
 .text.HAL_GPIO_WritePin
                0x08001b90       0x32 ./Drivers/STM32F4xx_HAL_Driver/Src/stm32f4xx_hal_gpio.o
                0x08001b90                HAL_GPIO_WritePin
 .text.HAL_PCD_Init
                0x08001bc2      0x21e ./Drivers/STM32F4xx_HAL_Driver/Src/stm32f4xx_hal_pcd.o
                0x08001bc2                HAL_PCD_Init
 .text.HAL_RCC_OscConfig
                0x08001de0      0x4f0 ./Drivers/STM32F4xx_HAL_Driver/Src/stm32f4xx_hal_rcc.o
                0x08001de0                HAL_RCC_OscConfig
 .text.HAL_RCC_ClockConfig
                0x080022d0      0x1cc ./Drivers/STM32F4xx_HAL_Driver/Src/stm32f4xx_hal_rcc.o
                0x080022d0                HAL_RCC_ClockConfig
 .text.HAL_RCC_GetSysClockFreq
                0x0800249c      0x20c ./Drivers/STM32F4xx_HAL_Driver/Src/stm32f4xx_hal_rcc.o
                0x0800249c                HAL_RCC_GetSysClockFreq
 .text.HAL_RCC_GetHCLKFreq
                0x080026a8       0x18 ./Drivers/STM32F4xx_HAL_Driver/Src/stm32f4xx_hal_rcc.o
                0x080026a8                HAL_RCC_GetHCLKFreq
 .text.HAL_RCC_GetPCLK1Freq
                0x080026c0       0x28 ./Drivers/STM32F4xx_HAL_Driver/Src/stm32f4xx_hal_rcc.o
                0x080026c0                HAL_RCC_GetPCLK1Freq
 .text.HAL_RCC_GetPCLK2Freq
                0x080026e8       0x28 ./Drivers/STM32F4xx_HAL_Driver/Src/stm32f4xx_hal_rcc.o
                0x080026e8                HAL_RCC_GetPCLK2Freq
 .text.HAL_UART_Init
                0x08002710       0xa0 ./Drivers/STM32F4xx_HAL_Driver/Src/stm32f4xx_hal_uart.o
                0x08002710                HAL_UART_Init
 .text.HAL_UART_Transmit
                0x080027b0      0x116 ./Drivers/STM32F4xx_HAL_Driver/Src/stm32f4xx_hal_uart.o
                0x080027b0                HAL_UART_Transmit
 .text.UART_WaitOnFlagUntilTimeout
                0x080028c6       0xb2 ./Drivers/STM32F4xx_HAL_Driver/Src/stm32f4xx_hal_uart.o
 .text.UART_EndRxTransfer
                0x08002978       0xc6 ./Drivers/STM32F4xx_HAL_Driver/Src/stm32f4xx_hal_uart.o
 *fill*         0x08002a3e        0x2 
 .text.UART_SetConfig
                0x08002a40      0x4e8 ./Drivers/STM32F4xx_HAL_Driver/Src/stm32f4xx_hal_uart.o
 .text.USB_CoreInit
                0x08002f28       0xc8 ./Drivers/STM32F4xx_HAL_Driver/Src/stm32f4xx_ll_usb.o
                0x08002f28                USB_CoreInit
 .text.USB_DisableGlobalInt
                0x08002ff0       0x22 ./Drivers/STM32F4xx_HAL_Driver/Src/stm32f4xx_ll_usb.o
                0x08002ff0                USB_DisableGlobalInt
 .text.USB_SetCurrentMode
                0x08003012       0x98 ./Drivers/STM32F4xx_HAL_Driver/Src/stm32f4xx_ll_usb.o
                0x08003012                USB_SetCurrentMode
 *fill*         0x080030aa        0x2 
 .text.USB_DevInit
                0x080030ac      0x2c8 ./Drivers/STM32F4xx_HAL_Driver/Src/stm32f4xx_ll_usb.o
                0x080030ac                USB_DevInit
 .text.USB_FlushTxFifo
                0x08003374       0x64 ./Drivers/STM32F4xx_HAL_Driver/Src/stm32f4xx_ll_usb.o
                0x08003374                USB_FlushTxFifo
 .text.USB_FlushRxFifo
                0x080033d8       0x5c ./Drivers/STM32F4xx_HAL_Driver/Src/stm32f4xx_ll_usb.o
                0x080033d8                USB_FlushRxFifo
 .text.USB_SetDevSpeed
                0x08003434       0x32 ./Drivers/STM32F4xx_HAL_Driver/Src/stm32f4xx_ll_usb.o
                0x08003434                USB_SetDevSpeed
 .text.USB_DevDisconnect
                0x08003466       0x42 ./Drivers/STM32F4xx_HAL_Driver/Src/stm32f4xx_ll_usb.o
                0x08003466                USB_DevDisconnect
 .text.USB_GetMode
                0x080034a8       0x1c ./Drivers/STM32F4xx_HAL_Driver/Src/stm32f4xx_ll_usb.o
                0x080034a8                USB_GetMode
 .text.USB_CoreReset
                0x080034c4       0x70 ./Drivers/STM32F4xx_HAL_Driver/Src/stm32f4xx_ll_usb.o
 .text.makeFreeRtosPriority
                0x08003534       0x30 ./Middlewares/Third_Party/FreeRTOS/Source/CMSIS_RTOS/cmsis_os.o
 .text.osKernelStart
                0x08003564        0xe ./Middlewares/Third_Party/FreeRTOS/Source/CMSIS_RTOS/cmsis_os.o
                0x08003564                osKernelStart
 .text.osThreadCreate
                0x08003572       0x98 ./Middlewares/Third_Party/FreeRTOS/Source/CMSIS_RTOS/cmsis_os.o
                0x08003572                osThreadCreate
 .text.osDelay  0x0800360a       0x28 ./Middlewares/Third_Party/FreeRTOS/Source/CMSIS_RTOS/cmsis_os.o
                0x0800360a                osDelay
 .text.vListInitialise
                0x08003632       0x40 ./Middlewares/Third_Party/FreeRTOS/Source/list.o
                0x08003632                vListInitialise
 .text.vListInitialiseItem
                0x08003672       0x1a ./Middlewares/Third_Party/FreeRTOS/Source/list.o
                0x08003672                vListInitialiseItem
 .text.vListInsertEnd
                0x0800368c       0x48 ./Middlewares/Third_Party/FreeRTOS/Source/list.o
                0x0800368c                vListInsertEnd
 .text.vListInsert
                0x080036d4       0x72 ./Middlewares/Third_Party/FreeRTOS/Source/list.o
                0x080036d4                vListInsert
 .text.uxListRemove
                0x08003746       0x54 ./Middlewares/Third_Party/FreeRTOS/Source/list.o
                0x08003746                uxListRemove
 *fill*         0x0800379a        0x2 
 .text.xQueueGenericReset
                0x0800379c       0xd4 ./Middlewares/Third_Party/FreeRTOS/Source/queue.o
                0x0800379c                xQueueGenericReset
 .text.xQueueGenericCreate
                0x08003870       0x76 ./Middlewares/Third_Party/FreeRTOS/Source/queue.o
                0x08003870                xQueueGenericCreate
 .text.prvInitialiseNewQueue
                0x080038e6       0x3e ./Middlewares/Third_Party/FreeRTOS/Source/queue.o
 .text.xQueueGenericSend
                0x08003924      0x204 ./Middlewares/Third_Party/FreeRTOS/Source/queue.o
                0x08003924                xQueueGenericSend
 .text.xQueueReceive
                0x08003b28      0x1c4 ./Middlewares/Third_Party/FreeRTOS/Source/queue.o
                0x08003b28                xQueueReceive
 .text.uxQueueMessagesWaiting
                0x08003cec       0x3e ./Middlewares/Third_Party/FreeRTOS/Source/queue.o
                0x08003cec                uxQueueMessagesWaiting
 .text.vQueueDelete
                0x08003d2a       0x48 ./Middlewares/Third_Party/FreeRTOS/Source/queue.o
                0x08003d2a                vQueueDelete
 .text.prvCopyDataToQueue
                0x08003d72       0xd4 ./Middlewares/Third_Party/FreeRTOS/Source/queue.o
 .text.prvCopyDataFromQueue
                0x08003e46       0x4c ./Middlewares/Third_Party/FreeRTOS/Source/queue.o
 .text.prvUnlockQueue
                0x08003e92       0xa4 ./Middlewares/Third_Party/FreeRTOS/Source/queue.o
 .text.prvIsQueueEmpty
                0x08003f36       0x2c ./Middlewares/Third_Party/FreeRTOS/Source/queue.o
 .text.prvIsQueueFull
                0x08003f62       0x30 ./Middlewares/Third_Party/FreeRTOS/Source/queue.o
 *fill*         0x08003f92        0x2 
 .text.vQueueUnregisterQueue
                0x08003f94       0x54 ./Middlewares/Third_Party/FreeRTOS/Source/queue.o
                0x08003f94                vQueueUnregisterQueue
 .text.xTaskCreateStatic
                0x08003fe8       0xc0 ./Middlewares/Third_Party/FreeRTOS/Source/tasks.o
                0x08003fe8                xTaskCreateStatic
 .text.xTaskCreate
                0x080040a8       0x8a ./Middlewares/Third_Party/FreeRTOS/Source/tasks.o
                0x080040a8                xTaskCreate
 .text.prvInitialiseNewTask
                0x08004132      0x110 ./Middlewares/Third_Party/FreeRTOS/Source/tasks.o
 *fill*         0x08004242        0x2 
 .text.prvAddNewTaskToReadyList
                0x08004244       0xd4 ./Middlewares/Third_Party/FreeRTOS/Source/tasks.o
 .text.vTaskDelete
                0x08004318      0x120 ./Middlewares/Third_Party/FreeRTOS/Source/tasks.o
                0x08004318                vTaskDelete
 .text.vTaskDelay
                0x08004438       0x6c ./Middlewares/Third_Party/FreeRTOS/Source/tasks.o
                0x08004438                vTaskDelay
 .text.vTaskStartScheduler
                0x080044a4       0xc4 ./Middlewares/Third_Party/FreeRTOS/Source/tasks.o
                0x080044a4                vTaskStartScheduler
 .text.vTaskSuspendAll
                0x08004568       0x1c ./Middlewares/Third_Party/FreeRTOS/Source/tasks.o
                0x08004568                vTaskSuspendAll
 .text.xTaskResumeAll
                0x08004584      0x13c ./Middlewares/Third_Party/FreeRTOS/Source/tasks.o
                0x08004584                xTaskResumeAll
 .text.xTaskIncrementTick
                0x080046c0      0x174 ./Middlewares/Third_Party/FreeRTOS/Source/tasks.o
                0x080046c0                xTaskIncrementTick
 .text.vTaskSwitchContext
                0x08004834       0xb8 ./Middlewares/Third_Party/FreeRTOS/Source/tasks.o
                0x08004834                vTaskSwitchContext
 .text.vTaskPlaceOnEventList
                0x080048ec       0x4c ./Middlewares/Third_Party/FreeRTOS/Source/tasks.o
                0x080048ec                vTaskPlaceOnEventList
 .text.xTaskRemoveFromEventList
                0x08004938       0xc8 ./Middlewares/Third_Party/FreeRTOS/Source/tasks.o
                0x08004938                xTaskRemoveFromEventList
 .text.vTaskInternalSetTimeOutState
                0x08004a00       0x2c ./Middlewares/Third_Party/FreeRTOS/Source/tasks.o
                0x08004a00                vTaskInternalSetTimeOutState
 .text.xTaskCheckForTimeOut
                0x08004a2c       0xc8 ./Middlewares/Third_Party/FreeRTOS/Source/tasks.o
                0x08004a2c                xTaskCheckForTimeOut
 .text.vTaskMissedYield
                0x08004af4       0x18 ./Middlewares/Third_Party/FreeRTOS/Source/tasks.o
                0x08004af4                vTaskMissedYield
 .text.prvIdleTask
                0x08004b0c       0x30 ./Middlewares/Third_Party/FreeRTOS/Source/tasks.o
 .text.prvInitialiseTaskLists
                0x08004b3c       0x80 ./Middlewares/Third_Party/FreeRTOS/Source/tasks.o
 .text.prvCheckTasksWaitingTermination
                0x08004bbc       0x5c ./Middlewares/Third_Party/FreeRTOS/Source/tasks.o
 .text.prvDeleteTCB
                0x08004c18       0x60 ./Middlewares/Third_Party/FreeRTOS/Source/tasks.o
 .text.prvResetNextTaskUnblockTime
                0x08004c78       0x40 ./Middlewares/Third_Party/FreeRTOS/Source/tasks.o
 .text.xTaskGetSchedulerState
                0x08004cb8       0x3c ./Middlewares/Third_Party/FreeRTOS/Source/tasks.o
                0x08004cb8                xTaskGetSchedulerState
 .text.xTaskPriorityDisinherit
                0x08004cf4      0x110 ./Middlewares/Third_Party/FreeRTOS/Source/tasks.o
                0x08004cf4                xTaskPriorityDisinherit
 .text.prvAddCurrentTaskToDelayedList
                0x08004e04       0xcc ./Middlewares/Third_Party/FreeRTOS/Source/tasks.o
 .text.pxPortInitialiseStack
                0x08004ed0       0x68 ./Middlewares/Third_Party/FreeRTOS/Source/portable/GCC/ARM_CM4F/port.o
                0x08004ed0                pxPortInitialiseStack
 .text.prvTaskExitError
                0x08004f38       0x5c ./Middlewares/Third_Party/FreeRTOS/Source/portable/GCC/ARM_CM4F/port.o
 *fill*         0x08004f94        0xc 
 .text.SVC_Handler
                0x08004fa0       0x28 ./Middlewares/Third_Party/FreeRTOS/Source/portable/GCC/ARM_CM4F/port.o
                0x08004fa0                SVC_Handler
 .text.prvPortStartFirstTask
                0x08004fc8       0x28 ./Middlewares/Third_Party/FreeRTOS/Source/portable/GCC/ARM_CM4F/port.o
 .text.xPortStartScheduler
                0x08004ff0      0x148 ./Middlewares/Third_Party/FreeRTOS/Source/portable/GCC/ARM_CM4F/port.o
                0x08004ff0                xPortStartScheduler
 .text.vPortEnterCritical
                0x08005138       0x64 ./Middlewares/Third_Party/FreeRTOS/Source/portable/GCC/ARM_CM4F/port.o
                0x08005138                vPortEnterCritical
 .text.vPortExitCritical
                0x0800519c       0x54 ./Middlewares/Third_Party/FreeRTOS/Source/portable/GCC/ARM_CM4F/port.o
                0x0800519c                vPortExitCritical
 .text.PendSV_Handler
                0x080051f0       0x68 ./Middlewares/Third_Party/FreeRTOS/Source/portable/GCC/ARM_CM4F/port.o
                0x080051f0                PendSV_Handler
 .text.xPortSysTickHandler
                0x08005258       0x44 ./Middlewares/Third_Party/FreeRTOS/Source/portable/GCC/ARM_CM4F/port.o
                0x08005258                xPortSysTickHandler
 .text.vPortSetupTimerInterrupt
                0x0800529c       0x48 ./Middlewares/Third_Party/FreeRTOS/Source/portable/GCC/ARM_CM4F/port.o
                0x0800529c                vPortSetupTimerInterrupt
 .text.vPortEnableVFP
                0x080052e4       0x14 ./Middlewares/Third_Party/FreeRTOS/Source/portable/GCC/ARM_CM4F/port.o
 .text.pvPortMalloc
                0x080052f8      0x19c ./Middlewares/Third_Party/FreeRTOS/Source/portable/MemMang/heap_4.o
                0x080052f8                pvPortMalloc
 .text.vPortFree
                0x08005494       0xc8 ./Middlewares/Third_Party/FreeRTOS/Source/portable/MemMang/heap_4.o
                0x08005494                vPortFree
 .text.prvHeapInit
                0x0800555c       0xc4 ./Middlewares/Third_Party/FreeRTOS/Source/portable/MemMang/heap_4.o
 .text.prvInsertBlockIntoFreeList
                0x08005620       0xb4 ./Middlewares/Third_Party/FreeRTOS/Source/portable/MemMang/heap_4.o
 .text.app_init
                0x080056d4       0x24 ./app/src/app.o
                0x080056d4                app_init
 .text.button_process_state
                0x080056f8       0xa4 ./app/src/task_button.o
 .text.callback_process_completed
                0x0800579c       0x24 ./app/src/task_button.o
 .text.is_button_pressed
                0x080057c0       0x2c ./app/src/task_button.o
 .text.button_task
                0x080057ec       0xc4 ./app/src/task_button.o
 .text.button_task_init
                0x080058b0       0x68 ./app/src/task_button.o
                0x080058b0                button_task_init
 .text.leds_off
                0x08005918       0x38 ./app/src/task_led.o
 .text.led_red_on
                0x08005950       0x18 ./app/src/task_led.o
 .text.led_green_on
                0x08005968       0x18 ./app/src/task_led.o
 .text.led_blue_on
                0x08005980       0x18 ./app/src/task_led.o
 .text.led_queue_init
                0x08005998       0x68 ./app/src/task_led.o
                0x08005998                led_queue_init
 .text.led_queue_add
                0x08005a00       0x6c ./app/src/task_led.o
                0x08005a00                led_queue_add
 .text.led_process_event
                0x08005a6c       0xf4 ./app/src/task_led.o
                0x08005a6c                led_process_event
 .text.uart_task
                0x08005b60       0x4c ./app/src/task_uart.o
 .text.uart_handle_error
                0x08005bac       0x12 ./app/src/task_uart.o
 *fill*         0x08005bbe        0x2 
 .text.uart_log
                0x08005bc0       0x90 ./app/src/task_uart.o
                0x08005bc0                uart_log
 .text.uart_task_init
                0x08005c50       0x78 ./app/src/task_uart.o
                0x08005c50                uart_task_init
 .text.callback_process_completed
                0x08005cc8       0x24 ./app/src/task_ui.o
 .text.ui_cleanup_ui_resources
                0x08005cec       0x30 ./app/src/task_ui.o
 .text.ui_destroy_task
                0x08005d1c       0x28 ./app/src/task_ui.o
 .text.ui_task  0x08005d44      0x154 ./app/src/task_ui.o
 .text.ui_queue_init
                0x08005e98       0x64 ./app/src/task_ui.o
                0x08005e98                ui_queue_init
 .text.ui_task_create
                0x08005efc       0x80 ./app/src/task_ui.o
                0x08005efc                ui_task_create
 .text.ui_queue_send
                0x08005f7c       0x5c ./app/src/task_ui.o
                0x08005f7c                ui_queue_send
 .text.sprintf  0x08005fd8       0x40 /opt/st/stm32cubeide_1.15.1/plugins/com.st.stm32cube.ide.mcu.externaltools.gnu-tools-for-stm32.12.3.rel1.linux64_1.0.100.202403111256/tools/bin/../lib/gcc/arm-none-eabi/12.3.1/../../../../arm-none-eabi/lib/thumb/v7e-m+fp/hard/libc_nano.a(libc_a-sprintf.o)
                0x08005fd8                sprintf
                0x08005fd8                siprintf
 .text.memset   0x08006018       0x10 /opt/st/stm32cubeide_1.15.1/plugins/com.st.stm32cube.ide.mcu.externaltools.gnu-tools-for-stm32.12.3.rel1.linux64_1.0.100.202403111256/tools/bin/../lib/gcc/arm-none-eabi/12.3.1/../../../../arm-none-eabi/lib/thumb/v7e-m+fp/hard/libc_nano.a(libc_a-memset.o)
                0x08006018                memset
 .text.strncpy  0x08006028       0x26 /opt/st/stm32cubeide_1.15.1/plugins/com.st.stm32cube.ide.mcu.externaltools.gnu-tools-for-stm32.12.3.rel1.linux64_1.0.100.202403111256/tools/bin/../lib/gcc/arm-none-eabi/12.3.1/../../../../arm-none-eabi/lib/thumb/v7e-m+fp/hard/libc_nano.a(libc_a-strncpy.o)
                0x08006028                strncpy
 .text.strnlen  0x0800604e       0x18 /opt/st/stm32cubeide_1.15.1/plugins/com.st.stm32cube.ide.mcu.externaltools.gnu-tools-for-stm32.12.3.rel1.linux64_1.0.100.202403111256/tools/bin/../lib/gcc/arm-none-eabi/12.3.1/../../../../arm-none-eabi/lib/thumb/v7e-m+fp/hard/libc_nano.a(libc_a-strnlen.o)
                0x0800604e                strnlen
 *fill*         0x08006066        0x2 
 .text.__errno  0x08006068        0xc /opt/st/stm32cubeide_1.15.1/plugins/com.st.stm32cube.ide.mcu.externaltools.gnu-tools-for-stm32.12.3.rel1.linux64_1.0.100.202403111256/tools/bin/../lib/gcc/arm-none-eabi/12.3.1/../../../../arm-none-eabi/lib/thumb/v7e-m+fp/hard/libc_nano.a(libc_a-errno.o)
                0x08006068                __errno
 .text.__libc_init_array
                0x08006074       0x48 /opt/st/stm32cubeide_1.15.1/plugins/com.st.stm32cube.ide.mcu.externaltools.gnu-tools-for-stm32.12.3.rel1.linux64_1.0.100.202403111256/tools/bin/../lib/gcc/arm-none-eabi/12.3.1/../../../../arm-none-eabi/lib/thumb/v7e-m+fp/hard/libc_nano.a(libc_a-init.o)
                0x08006074                __libc_init_array
 .text.__retarget_lock_acquire_recursive
                0x080060bc        0x2 /opt/st/stm32cubeide_1.15.1/plugins/com.st.stm32cube.ide.mcu.externaltools.gnu-tools-for-stm32.12.3.rel1.linux64_1.0.100.202403111256/tools/bin/../lib/gcc/arm-none-eabi/12.3.1/../../../../arm-none-eabi/lib/thumb/v7e-m+fp/hard/libc_nano.a(libc_a-lock.o)
                0x080060bc                __retarget_lock_acquire_recursive
 .text.__retarget_lock_release_recursive
                0x080060be        0x2 /opt/st/stm32cubeide_1.15.1/plugins/com.st.stm32cube.ide.mcu.externaltools.gnu-tools-for-stm32.12.3.rel1.linux64_1.0.100.202403111256/tools/bin/../lib/gcc/arm-none-eabi/12.3.1/../../../../arm-none-eabi/lib/thumb/v7e-m+fp/hard/libc_nano.a(libc_a-lock.o)
                0x080060be                __retarget_lock_release_recursive
 .text.memcpy   0x080060c0       0x1c /opt/st/stm32cubeide_1.15.1/plugins/com.st.stm32cube.ide.mcu.externaltools.gnu-tools-for-stm32.12.3.rel1.linux64_1.0.100.202403111256/tools/bin/../lib/gcc/arm-none-eabi/12.3.1/../../../../arm-none-eabi/lib/thumb/v7e-m+fp/hard/libc_nano.a(libc_a-memcpy-stub.o)
                0x080060c0                memcpy
 .text._free_r  0x080060dc       0x94 /opt/st/stm32cubeide_1.15.1/plugins/com.st.stm32cube.ide.mcu.externaltools.gnu-tools-for-stm32.12.3.rel1.linux64_1.0.100.202403111256/tools/bin/../lib/gcc/arm-none-eabi/12.3.1/../../../../arm-none-eabi/lib/thumb/v7e-m+fp/hard/libc_nano.a(libc_a-freer.o)
                0x080060dc                _free_r
 .text.sbrk_aligned
                0x08006170       0x44 /opt/st/stm32cubeide_1.15.1/plugins/com.st.stm32cube.ide.mcu.externaltools.gnu-tools-for-stm32.12.3.rel1.linux64_1.0.100.202403111256/tools/bin/../lib/gcc/arm-none-eabi/12.3.1/../../../../arm-none-eabi/lib/thumb/v7e-m+fp/hard/libc_nano.a(libc_a-mallocr.o)
 .text._malloc_r
                0x080061b4      0x100 /opt/st/stm32cubeide_1.15.1/plugins/com.st.stm32cube.ide.mcu.externaltools.gnu-tools-for-stm32.12.3.rel1.linux64_1.0.100.202403111256/tools/bin/../lib/gcc/arm-none-eabi/12.3.1/../../../../arm-none-eabi/lib/thumb/v7e-m+fp/hard/libc_nano.a(libc_a-mallocr.o)
                0x080061b4                _malloc_r
 .text.__malloc_lock
                0x080062b4        0xc /opt/st/stm32cubeide_1.15.1/plugins/com.st.stm32cube.ide.mcu.externaltools.gnu-tools-for-stm32.12.3.rel1.linux64_1.0.100.202403111256/tools/bin/../lib/gcc/arm-none-eabi/12.3.1/../../../../arm-none-eabi/lib/thumb/v7e-m+fp/hard/libc_nano.a(libc_a-mlock.o)
                0x080062b4                __malloc_lock
 .text.__malloc_unlock
                0x080062c0        0xc /opt/st/stm32cubeide_1.15.1/plugins/com.st.stm32cube.ide.mcu.externaltools.gnu-tools-for-stm32.12.3.rel1.linux64_1.0.100.202403111256/tools/bin/../lib/gcc/arm-none-eabi/12.3.1/../../../../arm-none-eabi/lib/thumb/v7e-m+fp/hard/libc_nano.a(libc_a-mlock.o)
                0x080062c0                __malloc_unlock
 .text.__ssputs_r
                0x080062cc       0xb6 /opt/st/stm32cubeide_1.15.1/plugins/com.st.stm32cube.ide.mcu.externaltools.gnu-tools-for-stm32.12.3.rel1.linux64_1.0.100.202403111256/tools/bin/../lib/gcc/arm-none-eabi/12.3.1/../../../../arm-none-eabi/lib/thumb/v7e-m+fp/hard/libc_nano.a(libc_a-nano-svfprintf.o)
                0x080062cc                __ssputs_r
 *fill*         0x08006382        0x2 
 .text._svfprintf_r
                0x08006384      0x1f8 /opt/st/stm32cubeide_1.15.1/plugins/com.st.stm32cube.ide.mcu.externaltools.gnu-tools-for-stm32.12.3.rel1.linux64_1.0.100.202403111256/tools/bin/../lib/gcc/arm-none-eabi/12.3.1/../../../../arm-none-eabi/lib/thumb/v7e-m+fp/hard/libc_nano.a(libc_a-nano-svfprintf.o)
                0x08006384                _svfprintf_r
                0x08006384                _svfiprintf_r
 .text._printf_common
                0x0800657c       0xda /opt/st/stm32cubeide_1.15.1/plugins/com.st.stm32cube.ide.mcu.externaltools.gnu-tools-for-stm32.12.3.rel1.linux64_1.0.100.202403111256/tools/bin/../lib/gcc/arm-none-eabi/12.3.1/../../../../arm-none-eabi/lib/thumb/v7e-m+fp/hard/libc_nano.a(libc_a-nano-vfprintf_i.o)
                0x0800657c                _printf_common
 *fill*         0x08006656        0x2 
 .text._printf_i
                0x08006658      0x240 /opt/st/stm32cubeide_1.15.1/plugins/com.st.stm32cube.ide.mcu.externaltools.gnu-tools-for-stm32.12.3.rel1.linux64_1.0.100.202403111256/tools/bin/../lib/gcc/arm-none-eabi/12.3.1/../../../../arm-none-eabi/lib/thumb/v7e-m+fp/hard/libc_nano.a(libc_a-nano-vfprintf_i.o)
                0x08006658                _printf_i
 .text.memmove  0x08006898       0x34 /opt/st/stm32cubeide_1.15.1/plugins/com.st.stm32cube.ide.mcu.externaltools.gnu-tools-for-stm32.12.3.rel1.linux64_1.0.100.202403111256/tools/bin/../lib/gcc/arm-none-eabi/12.3.1/../../../../arm-none-eabi/lib/thumb/v7e-m+fp/hard/libc_nano.a(libc_a-memmove.o)
                0x08006898                memmove
 .text._sbrk_r  0x080068cc       0x20 /opt/st/stm32cubeide_1.15.1/plugins/com.st.stm32cube.ide.mcu.externaltools.gnu-tools-for-stm32.12.3.rel1.linux64_1.0.100.202403111256/tools/bin/../lib/gcc/arm-none-eabi/12.3.1/../../../../arm-none-eabi/lib/thumb/v7e-m+fp/hard/libc_nano.a(libc_a-sbrkr.o)
                0x080068cc                _sbrk_r
 .text._realloc_r
                0x080068ec       0x5c /opt/st/stm32cubeide_1.15.1/plugins/com.st.stm32cube.ide.mcu.externaltools.gnu-tools-for-stm32.12.3.rel1.linux64_1.0.100.202403111256/tools/bin/../lib/gcc/arm-none-eabi/12.3.1/../../../../arm-none-eabi/lib/thumb/v7e-m+fp/hard/libc_nano.a(libc_a-reallocr.o)
                0x080068ec                _realloc_r
 .text._malloc_usable_size_r
                0x08006948       0x10 /opt/st/stm32cubeide_1.15.1/plugins/com.st.stm32cube.ide.mcu.externaltools.gnu-tools-for-stm32.12.3.rel1.linux64_1.0.100.202403111256/tools/bin/../lib/gcc/arm-none-eabi/12.3.1/../../../../arm-none-eabi/lib/thumb/v7e-m+fp/hard/libc_nano.a(libc_a-msizer.o)
                0x08006948                _malloc_usable_size_r
 *(.glue_7)
 .glue_7        0x08006958        0x0 linker stubs
 *(.glue_7t)
 .glue_7t       0x08006958        0x0 linker stubs
 *(.eh_frame)
 .eh_frame      0x08006958        0x0 /opt/st/stm32cubeide_1.15.1/plugins/com.st.stm32cube.ide.mcu.externaltools.gnu-tools-for-stm32.12.3.rel1.linux64_1.0.100.202403111256/tools/bin/../lib/gcc/arm-none-eabi/12.3.1/thumb/v7e-m+fp/hard/crtbegin.o
 *(.init)
 .init          0x08006958        0x4 /opt/st/stm32cubeide_1.15.1/plugins/com.st.stm32cube.ide.mcu.externaltools.gnu-tools-for-stm32.12.3.rel1.linux64_1.0.100.202403111256/tools/bin/../lib/gcc/arm-none-eabi/12.3.1/thumb/v7e-m+fp/hard/crti.o
                0x08006958                _init
 .init          0x0800695c        0x8 /opt/st/stm32cubeide_1.15.1/plugins/com.st.stm32cube.ide.mcu.externaltools.gnu-tools-for-stm32.12.3.rel1.linux64_1.0.100.202403111256/tools/bin/../lib/gcc/arm-none-eabi/12.3.1/thumb/v7e-m+fp/hard/crtn.o
 *(.fini)
 .fini          0x08006964        0x4 /opt/st/stm32cubeide_1.15.1/plugins/com.st.stm32cube.ide.mcu.externaltools.gnu-tools-for-stm32.12.3.rel1.linux64_1.0.100.202403111256/tools/bin/../lib/gcc/arm-none-eabi/12.3.1/thumb/v7e-m+fp/hard/crti.o
                0x08006964                _fini
 .fini          0x08006968        0x8 /opt/st/stm32cubeide_1.15.1/plugins/com.st.stm32cube.ide.mcu.externaltools.gnu-tools-for-stm32.12.3.rel1.linux64_1.0.100.202403111256/tools/bin/../lib/gcc/arm-none-eabi/12.3.1/thumb/v7e-m+fp/hard/crtn.o
                0x08006970                        . = ALIGN (0x4)
                0x08006970                        _etext = .

.vfp11_veneer   0x08006970        0x0
 .vfp11_veneer  0x08006970        0x0 linker stubs

.v4_bx          0x08006970        0x0
 .v4_bx         0x08006970        0x0 linker stubs

.iplt           0x08006970        0x0
 .iplt          0x08006970        0x0 /opt/st/stm32cubeide_1.15.1/plugins/com.st.stm32cube.ide.mcu.externaltools.gnu-tools-for-stm32.12.3.rel1.linux64_1.0.100.202403111256/tools/bin/../lib/gcc/arm-none-eabi/12.3.1/thumb/v7e-m+fp/hard/crtbegin.o

.rodata         0x08006970      0x7e0
                0x08006970                        . = ALIGN (0x4)
 *(.rodata)
 .rodata        0x08006970       0x28 ./Core/Src/main.o
 .rodata        0x08006998        0x5 ./Middlewares/Third_Party/FreeRTOS/Source/tasks.o
 *fill*         0x0800699d        0x3 
 .rodata        0x080069a0       0x29 ./app/src/app.o
 *fill*         0x080069c9        0x3 
 .rodata        0x080069cc      0x12a ./app/src/task_button.o
 *fill*         0x08006af6        0x2 
 .rodata        0x08006af8      0x1c6 ./app/src/task_led.o
 *fill*         0x08006cbe        0x2 
 .rodata        0x08006cc0      0x11c ./app/src/task_uart.o
 .rodata        0x08006ddc      0x325 ./app/src/task_ui.o
 *(.rodata*)
 *fill*         0x08007101        0x3 
 .rodata.AHBPrescTable
                0x08007104       0x10 ./Core/Src/system_stm32f4xx.o
                0x08007104                AHBPrescTable
 .rodata.APBPrescTable
                0x08007114        0x8 ./Core/Src/system_stm32f4xx.o
                0x08007114                APBPrescTable
 .rodata._svfprintf_r.str1.1
                0x0800711c       0x11 /opt/st/stm32cubeide_1.15.1/plugins/com.st.stm32cube.ide.mcu.externaltools.gnu-tools-for-stm32.12.3.rel1.linux64_1.0.100.202403111256/tools/bin/../lib/gcc/arm-none-eabi/12.3.1/../../../../arm-none-eabi/lib/thumb/v7e-m+fp/hard/libc_nano.a(libc_a-nano-svfprintf.o)
 .rodata._printf_i.str1.1
                0x0800712d       0x22 /opt/st/stm32cubeide_1.15.1/plugins/com.st.stm32cube.ide.mcu.externaltools.gnu-tools-for-stm32.12.3.rel1.linux64_1.0.100.202403111256/tools/bin/../lib/gcc/arm-none-eabi/12.3.1/../../../../arm-none-eabi/lib/thumb/v7e-m+fp/hard/libc_nano.a(libc_a-nano-vfprintf_i.o)
                0x08007150                        . = ALIGN (0x4)
 *fill*         0x0800714f        0x1 

.ARM.extab      0x08007150        0x0
                0x08007150                        . = ALIGN (0x4)
 *(.ARM.extab* .gnu.linkonce.armextab.*)
                0x08007150                        . = ALIGN (0x4)

.ARM            0x08007150        0x8
                0x08007150                        . = ALIGN (0x4)
                0x08007150                        __exidx_start = .
 *(.ARM.exidx*)
 .ARM.exidx     0x08007150        0x8 /opt/st/stm32cubeide_1.15.1/plugins/com.st.stm32cube.ide.mcu.externaltools.gnu-tools-for-stm32.12.3.rel1.linux64_1.0.100.202403111256/tools/bin/../lib/gcc/arm-none-eabi/12.3.1/../../../../arm-none-eabi/lib/thumb/v7e-m+fp/hard/libc_nano.a(libc_a-strlen.o)
 .ARM.exidx     0x08007158        0x0 /opt/st/stm32cubeide_1.15.1/plugins/com.st.stm32cube.ide.mcu.externaltools.gnu-tools-for-stm32.12.3.rel1.linux64_1.0.100.202403111256/tools/bin/../lib/gcc/arm-none-eabi/12.3.1/../../../../arm-none-eabi/lib/thumb/v7e-m+fp/hard/libc_nano.a(libc_a-memchr.o)
                                  0x8 (size before relaxing)
 .ARM.exidx     0x08007158        0x0 /opt/st/stm32cubeide_1.15.1/plugins/com.st.stm32cube.ide.mcu.externaltools.gnu-tools-for-stm32.12.3.rel1.linux64_1.0.100.202403111256/tools/bin/../lib/gcc/arm-none-eabi/12.3.1/thumb/v7e-m+fp/hard/libgcc.a(_udivmoddi4.o)
                                  0x8 (size before relaxing)
                0x08007158                        __exidx_end = .
                0x08007158                        . = ALIGN (0x4)

.preinit_array  0x08007158        0x0
                0x08007158                        . = ALIGN (0x4)
                0x08007158                        PROVIDE (__preinit_array_start = .)
 *(.preinit_array*)
                0x08007158                        PROVIDE (__preinit_array_end = .)
                0x08007158                        . = ALIGN (0x4)

.init_array     0x08007158        0x4
                0x08007158                        . = ALIGN (0x4)
                0x08007158                        PROVIDE (__init_array_start = .)
 *(SORT_BY_NAME(.init_array.*))
 *(.init_array*)
 .init_array    0x08007158        0x4 /opt/st/stm32cubeide_1.15.1/plugins/com.st.stm32cube.ide.mcu.externaltools.gnu-tools-for-stm32.12.3.rel1.linux64_1.0.100.202403111256/tools/bin/../lib/gcc/arm-none-eabi/12.3.1/thumb/v7e-m+fp/hard/crtbegin.o
                0x0800715c                        PROVIDE (__init_array_end = .)
                0x0800715c                        . = ALIGN (0x4)

.fini_array     0x0800715c        0x4
                0x0800715c                        . = ALIGN (0x4)
                [!provide]                        PROVIDE (__fini_array_start = .)
 *(SORT_BY_NAME(.fini_array.*))
 *(.fini_array*)
 .fini_array    0x0800715c        0x4 /opt/st/stm32cubeide_1.15.1/plugins/com.st.stm32cube.ide.mcu.externaltools.gnu-tools-for-stm32.12.3.rel1.linux64_1.0.100.202403111256/tools/bin/../lib/gcc/arm-none-eabi/12.3.1/thumb/v7e-m+fp/hard/crtbegin.o
                [!provide]                        PROVIDE (__fini_array_end = .)
                0x08007160                        . = ALIGN (0x4)
                0x08007160                        _sidata = LOADADDR (.data)

.rel.dyn        0x08007160        0x0
 .rel.iplt      0x08007160        0x0 /opt/st/stm32cubeide_1.15.1/plugins/com.st.stm32cube.ide.mcu.externaltools.gnu-tools-for-stm32.12.3.rel1.linux64_1.0.100.202403111256/tools/bin/../lib/gcc/arm-none-eabi/12.3.1/thumb/v7e-m+fp/hard/crtbegin.o

.data           0x20000000       0x60 load address 0x08007160
                0x20000000                        . = ALIGN (0x4)
                0x20000000                        _sdata = .
 *(.data)
 *(.data*)
 .data.SystemCoreClock
                0x20000000        0x4 ./Core/Src/system_stm32f4xx.o
                0x20000000                SystemCoreClock
 .data.uwTickPrio
                0x20000004        0x4 ./Drivers/STM32F4xx_HAL_Driver/Src/stm32f4xx_hal.o
                0x20000004                uwTickPrio
 .data.uwTickFreq
                0x20000008        0x1 ./Drivers/STM32F4xx_HAL_Driver/Src/stm32f4xx_hal.o
                0x20000008                uwTickFreq
 *fill*         0x20000009        0x3 
 .data.uxCriticalNesting
                0x2000000c        0x4 ./Middlewares/Third_Party/FreeRTOS/Source/portable/GCC/ARM_CM4F/port.o
 .data._impure_ptr
                0x20000010        0x4 /opt/st/stm32cubeide_1.15.1/plugins/com.st.stm32cube.ide.mcu.externaltools.gnu-tools-for-stm32.12.3.rel1.linux64_1.0.100.202403111256/tools/bin/../lib/gcc/arm-none-eabi/12.3.1/../../../../arm-none-eabi/lib/thumb/v7e-m+fp/hard/libc_nano.a(libc_a-impure.o)
                0x20000010                _impure_ptr
 .data._impure_data
                0x20000014       0x4c /opt/st/stm32cubeide_1.15.1/plugins/com.st.stm32cube.ide.mcu.externaltools.gnu-tools-for-stm32.12.3.rel1.linux64_1.0.100.202403111256/tools/bin/../lib/gcc/arm-none-eabi/12.3.1/../../../../arm-none-eabi/lib/thumb/v7e-m+fp/hard/libc_nano.a(libc_a-impure.o)
                0x20000014                _impure_data
 *(.RamFunc)
 *(.RamFunc*)
                0x20000060                        . = ALIGN (0x4)
                0x20000060                        _edata = .
                0x080071c0                        _siccmram = LOADADDR (.ccmram)

.igot.plt       0x20000060        0x0 load address 0x080071c0
 .igot.plt      0x20000060        0x0 /opt/st/stm32cubeide_1.15.1/plugins/com.st.stm32cube.ide.mcu.externaltools.gnu-tools-for-stm32.12.3.rel1.linux64_1.0.100.202403111256/tools/bin/../lib/gcc/arm-none-eabi/12.3.1/thumb/v7e-m+fp/hard/crtbegin.o

.ccmram         0x10000000        0x0 load address 0x080071c0
                0x10000000                        . = ALIGN (0x4)
                0x10000000                        _sccmram = .
 *(.ccmram)
 *(.ccmram*)
                0x10000000                        . = ALIGN (0x4)
                0x10000000                        _eccmram = .
                0x10000000                        . = ALIGN (0x4)

.bss            0x20000060     0x48d4
                0x20000060                        _sbss = .
                0x20000060                        __bss_start__ = _sbss
 *(.bss)
 .bss           0x20000060       0x1c /opt/st/stm32cubeide_1.15.1/plugins/com.st.stm32cube.ide.mcu.externaltools.gnu-tools-for-stm32.12.3.rel1.linux64_1.0.100.202403111256/tools/bin/../lib/gcc/arm-none-eabi/12.3.1/thumb/v7e-m+fp/hard/crtbegin.o
 *(.bss*)
 .bss.xIdleTaskTCBBuffer
                0x2000007c       0x54 ./Core/Src/freertos.o
 .bss.xIdleStack
                0x200000d0      0x200 ./Core/Src/freertos.o
 .bss.TxConfig  0x200002d0       0x38 ./Core/Src/main.o
                0x200002d0                TxConfig
 .bss.DMARxDscrTab
                0x20000308       0xa0 ./Core/Src/main.o
                0x20000308                DMARxDscrTab
 .bss.DMATxDscrTab
                0x200003a8       0xa0 ./Core/Src/main.o
                0x200003a8                DMATxDscrTab
 .bss.heth      0x20000448       0xb0 ./Core/Src/main.o
                0x20000448                heth
 .bss.huart2    0x200004f8       0x48 ./Core/Src/main.o
                0x200004f8                huart2
 .bss.hpcd_USB_OTG_FS
                0x20000540      0x4e4 ./Core/Src/main.o
                0x20000540                hpcd_USB_OTG_FS
 .bss.defaultTaskHandle
                0x20000a24        0x4 ./Core/Src/main.o
                0x20000a24                defaultTaskHandle
 .bss.MACAddr.0
                0x20000a28        0x6 ./Core/Src/main.o
 *fill*         0x20000a2e        0x2 
 .bss.__sbrk_heap_end
                0x20000a30        0x4 ./Core/Src/sysmem.o
 .bss.uwTick    0x20000a34        0x4 ./Drivers/STM32F4xx_HAL_Driver/Src/stm32f4xx_hal.o
                0x20000a34                uwTick
 .bss.xQueueRegistry
                0x20000a38       0x40 ./Middlewares/Third_Party/FreeRTOS/Source/queue.o
                0x20000a38                xQueueRegistry
 .bss.pxCurrentTCB
                0x20000a78        0x4 ./Middlewares/Third_Party/FreeRTOS/Source/tasks.o
                0x20000a78                pxCurrentTCB
 .bss.pxReadyTasksLists
                0x20000a7c       0x8c ./Middlewares/Third_Party/FreeRTOS/Source/tasks.o
 .bss.xDelayedTaskList1
                0x20000b08       0x14 ./Middlewares/Third_Party/FreeRTOS/Source/tasks.o
 .bss.xDelayedTaskList2
                0x20000b1c       0x14 ./Middlewares/Third_Party/FreeRTOS/Source/tasks.o
 .bss.pxDelayedTaskList
                0x20000b30        0x4 ./Middlewares/Third_Party/FreeRTOS/Source/tasks.o
 .bss.pxOverflowDelayedTaskList
                0x20000b34        0x4 ./Middlewares/Third_Party/FreeRTOS/Source/tasks.o
 .bss.xPendingReadyList
                0x20000b38       0x14 ./Middlewares/Third_Party/FreeRTOS/Source/tasks.o
 .bss.xTasksWaitingTermination
                0x20000b4c       0x14 ./Middlewares/Third_Party/FreeRTOS/Source/tasks.o
 .bss.uxDeletedTasksWaitingCleanUp
                0x20000b60        0x4 ./Middlewares/Third_Party/FreeRTOS/Source/tasks.o
 .bss.xSuspendedTaskList
                0x20000b64       0x14 ./Middlewares/Third_Party/FreeRTOS/Source/tasks.o
 .bss.uxCurrentNumberOfTasks
                0x20000b78        0x4 ./Middlewares/Third_Party/FreeRTOS/Source/tasks.o
 .bss.xTickCount
                0x20000b7c        0x4 ./Middlewares/Third_Party/FreeRTOS/Source/tasks.o
 .bss.uxTopReadyPriority
                0x20000b80        0x4 ./Middlewares/Third_Party/FreeRTOS/Source/tasks.o
 .bss.xSchedulerRunning
                0x20000b84        0x4 ./Middlewares/Third_Party/FreeRTOS/Source/tasks.o
 .bss.xPendedTicks
                0x20000b88        0x4 ./Middlewares/Third_Party/FreeRTOS/Source/tasks.o
 .bss.xYieldPending
                0x20000b8c        0x4 ./Middlewares/Third_Party/FreeRTOS/Source/tasks.o
 .bss.xNumOfOverflows
                0x20000b90        0x4 ./Middlewares/Third_Party/FreeRTOS/Source/tasks.o
 .bss.uxTaskNumber
                0x20000b94        0x4 ./Middlewares/Third_Party/FreeRTOS/Source/tasks.o
 .bss.xNextTaskUnblockTime
                0x20000b98        0x4 ./Middlewares/Third_Party/FreeRTOS/Source/tasks.o
 .bss.xIdleTaskHandle
                0x20000b9c        0x4 ./Middlewares/Third_Party/FreeRTOS/Source/tasks.o
 .bss.uxSchedulerSuspended
                0x20000ba0        0x4 ./Middlewares/Third_Party/FreeRTOS/Source/tasks.o
 .bss.ucMaxSysCallPriority
                0x20000ba4        0x1 ./Middlewares/Third_Party/FreeRTOS/Source/portable/GCC/ARM_CM4F/port.o
 *fill*         0x20000ba5        0x3 
 .bss.ulMaxPRIGROUPValue
                0x20000ba8        0x4 ./Middlewares/Third_Party/FreeRTOS/Source/portable/GCC/ARM_CM4F/port.o
 .bss.ucHeap    0x20000bac     0x3c00 ./Middlewares/Third_Party/FreeRTOS/Source/portable/MemMang/heap_4.o
 .bss.xStart    0x200047ac        0x8 ./Middlewares/Third_Party/FreeRTOS/Source/portable/MemMang/heap_4.o
 .bss.pxEnd     0x200047b4        0x4 ./Middlewares/Third_Party/FreeRTOS/Source/portable/MemMang/heap_4.o
 .bss.xFreeBytesRemaining
                0x200047b8        0x4 ./Middlewares/Third_Party/FreeRTOS/Source/portable/MemMang/heap_4.o
 .bss.xMinimumEverFreeBytesRemaining
                0x200047bc        0x4 ./Middlewares/Third_Party/FreeRTOS/Source/portable/MemMang/heap_4.o
 .bss.xNumberOfSuccessfulAllocations
                0x200047c0        0x4 ./Middlewares/Third_Party/FreeRTOS/Source/portable/MemMang/heap_4.o
 .bss.xNumberOfSuccessfulFrees
                0x200047c4        0x4 ./Middlewares/Third_Party/FreeRTOS/Source/portable/MemMang/heap_4.o
 .bss.xBlockAllocatedBit
                0x200047c8        0x4 ./Middlewares/Third_Party/FreeRTOS/Source/portable/MemMang/heap_4.o
 .bss.button_info
                0x200047cc        0x8 ./app/src/task_button.o
 .bss.uart_queue
                0x200047d4        0x4 ./app/src/task_uart.o
 .bss.ui_queue  0x200047d8        0x4 ./app/src/task_ui.o
                0x200047d8                ui_queue
 .bss.task_ui_handle
                0x200047dc        0x4 ./app/src/task_ui.o
                0x200047dc                task_ui_handle
 .bss.leds      0x200047e0        0xc ./app/src/task_ui.o
                0x200047e0                leds
 .bss.__sf      0x200047ec      0x138 /opt/st/stm32cubeide_1.15.1/plugins/com.st.stm32cube.ide.mcu.externaltools.gnu-tools-for-stm32.12.3.rel1.linux64_1.0.100.202403111256/tools/bin/../lib/gcc/arm-none-eabi/12.3.1/../../../../arm-none-eabi/lib/thumb/v7e-m+fp/hard/libc_nano.a(libc_a-findfp.o)
                0x200047ec                __sf
 .bss.errno     0x20004924        0x4 /opt/st/stm32cubeide_1.15.1/plugins/com.st.stm32cube.ide.mcu.externaltools.gnu-tools-for-stm32.12.3.rel1.linux64_1.0.100.202403111256/tools/bin/../lib/gcc/arm-none-eabi/12.3.1/../../../../arm-none-eabi/lib/thumb/v7e-m+fp/hard/libc_nano.a(libc_a-reent.o)
                0x20004924                errno
 .bss.__lock___malloc_recursive_mutex
                0x20004928        0x1 /opt/st/stm32cubeide_1.15.1/plugins/com.st.stm32cube.ide.mcu.externaltools.gnu-tools-for-stm32.12.3.rel1.linux64_1.0.100.202403111256/tools/bin/../lib/gcc/arm-none-eabi/12.3.1/../../../../arm-none-eabi/lib/thumb/v7e-m+fp/hard/libc_nano.a(libc_a-lock.o)
                0x20004928                __lock___malloc_recursive_mutex
 *fill*         0x20004929        0x3 
 .bss.__malloc_sbrk_start
                0x2000492c        0x4 /opt/st/stm32cubeide_1.15.1/plugins/com.st.stm32cube.ide.mcu.externaltools.gnu-tools-for-stm32.12.3.rel1.linux64_1.0.100.202403111256/tools/bin/../lib/gcc/arm-none-eabi/12.3.1/../../../../arm-none-eabi/lib/thumb/v7e-m+fp/hard/libc_nano.a(libc_a-mallocr.o)
                0x2000492c                __malloc_sbrk_start
 .bss.__malloc_free_list
                0x20004930        0x4 /opt/st/stm32cubeide_1.15.1/plugins/com.st.stm32cube.ide.mcu.externaltools.gnu-tools-for-stm32.12.3.rel1.linux64_1.0.100.202403111256/tools/bin/../lib/gcc/arm-none-eabi/12.3.1/../../../../arm-none-eabi/lib/thumb/v7e-m+fp/hard/libc_nano.a(libc_a-mallocr.o)
                0x20004930                __malloc_free_list
 *(COMMON)
                0x20004934                        . = ALIGN (0x4)
                0x20004934                        _ebss = .
                0x20004934                        __bss_end__ = _ebss

._user_heap_stack
                0x20004934      0x604
                0x20004938                        . = ALIGN (0x8)
 *fill*         0x20004934        0x4 
                [!provide]                        PROVIDE (end = .)
                0x20004938                        PROVIDE (_end = .)
                0x20004b38                        . = (. + _Min_Heap_Size)
 *fill*         0x20004938      0x200 
                0x20004f38                        . = (. + _Min_Stack_Size)
 *fill*         0x20004b38      0x400 
                0x20004f38                        . = ALIGN (0x8)

/DISCARD/
 libc.a(*)
 libm.a(*)
 libgcc.a(*)

.ARM.attributes
                0x00000000       0x30
 *(.ARM.attributes)
 .ARM.attributes
                0x00000000       0x22 /opt/st/stm32cubeide_1.15.1/plugins/com.st.stm32cube.ide.mcu.externaltools.gnu-tools-for-stm32.12.3.rel1.linux64_1.0.100.202403111256/tools/bin/../lib/gcc/arm-none-eabi/12.3.1/thumb/v7e-m+fp/hard/crti.o
 .ARM.attributes
                0x00000022       0x34 /opt/st/stm32cubeide_1.15.1/plugins/com.st.stm32cube.ide.mcu.externaltools.gnu-tools-for-stm32.12.3.rel1.linux64_1.0.100.202403111256/tools/bin/../lib/gcc/arm-none-eabi/12.3.1/thumb/v7e-m+fp/hard/crtbegin.o
 .ARM.attributes
                0x00000056       0x34 ./Core/Src/freertos.o
 .ARM.attributes
                0x0000008a       0x34 ./Core/Src/main.o
 .ARM.attributes
                0x000000be       0x34 ./Core/Src/stm32f4xx_hal_msp.o
 .ARM.attributes
                0x000000f2       0x34 ./Core/Src/stm32f4xx_it.o
 .ARM.attributes
                0x00000126       0x34 ./Core/Src/sysmem.o
 .ARM.attributes
                0x0000015a       0x34 ./Core/Src/system_stm32f4xx.o
 .ARM.attributes
                0x0000018e       0x21 ./Core/Startup/startup_stm32f429zitx.o
 .ARM.attributes
                0x000001af       0x34 ./Drivers/STM32F4xx_HAL_Driver/Src/stm32f4xx_hal.o
 .ARM.attributes
                0x000001e3       0x34 ./Drivers/STM32F4xx_HAL_Driver/Src/stm32f4xx_hal_cortex.o
 .ARM.attributes
                0x00000217       0x34 ./Drivers/STM32F4xx_HAL_Driver/Src/stm32f4xx_hal_eth.o
 .ARM.attributes
                0x0000024b       0x34 ./Drivers/STM32F4xx_HAL_Driver/Src/stm32f4xx_hal_gpio.o
 .ARM.attributes
                0x0000027f       0x34 ./Drivers/STM32F4xx_HAL_Driver/Src/stm32f4xx_hal_pcd.o
 .ARM.attributes
                0x000002b3       0x34 ./Drivers/STM32F4xx_HAL_Driver/Src/stm32f4xx_hal_rcc.o
 .ARM.attributes
                0x000002e7       0x34 ./Drivers/STM32F4xx_HAL_Driver/Src/stm32f4xx_hal_uart.o
 .ARM.attributes
                0x0000031b       0x34 ./Drivers/STM32F4xx_HAL_Driver/Src/stm32f4xx_ll_usb.o
 .ARM.attributes
                0x0000034f       0x34 ./Middlewares/Third_Party/FreeRTOS/Source/CMSIS_RTOS/cmsis_os.o
 .ARM.attributes
                0x00000383       0x34 ./Middlewares/Third_Party/FreeRTOS/Source/list.o
 .ARM.attributes
                0x000003b7       0x34 ./Middlewares/Third_Party/FreeRTOS/Source/queue.o
 .ARM.attributes
                0x000003eb       0x34 ./Middlewares/Third_Party/FreeRTOS/Source/tasks.o
 .ARM.attributes
                0x0000041f       0x34 ./Middlewares/Third_Party/FreeRTOS/Source/portable/GCC/ARM_CM4F/port.o
 .ARM.attributes
                0x00000453       0x34 ./Middlewares/Third_Party/FreeRTOS/Source/portable/MemMang/heap_4.o
 .ARM.attributes
                0x00000487       0x34 ./app/src/app.o
 .ARM.attributes
                0x000004bb       0x34 ./app/src/task_button.o
 .ARM.attributes
                0x000004ef       0x34 ./app/src/task_led.o
 .ARM.attributes
                0x00000523       0x34 ./app/src/task_uart.o
 .ARM.attributes
                0x00000557       0x34 ./app/src/task_ui.o
 .ARM.attributes
                0x0000058b       0x34 /opt/st/stm32cubeide_1.15.1/plugins/com.st.stm32cube.ide.mcu.externaltools.gnu-tools-for-stm32.12.3.rel1.linux64_1.0.100.202403111256/tools/bin/../lib/gcc/arm-none-eabi/12.3.1/../../../../arm-none-eabi/lib/thumb/v7e-m+fp/hard/libc_nano.a(libc_a-findfp.o)
 .ARM.attributes
                0x000005bf       0x34 /opt/st/stm32cubeide_1.15.1/plugins/com.st.stm32cube.ide.mcu.externaltools.gnu-tools-for-stm32.12.3.rel1.linux64_1.0.100.202403111256/tools/bin/../lib/gcc/arm-none-eabi/12.3.1/../../../../arm-none-eabi/lib/thumb/v7e-m+fp/hard/libc_nano.a(libc_a-sprintf.o)
 .ARM.attributes
                0x000005f3       0x34 /opt/st/stm32cubeide_1.15.1/plugins/com.st.stm32cube.ide.mcu.externaltools.gnu-tools-for-stm32.12.3.rel1.linux64_1.0.100.202403111256/tools/bin/../lib/gcc/arm-none-eabi/12.3.1/../../../../arm-none-eabi/lib/thumb/v7e-m+fp/hard/libc_nano.a(libc_a-memset.o)
 .ARM.attributes
                0x00000627       0x34 /opt/st/stm32cubeide_1.15.1/plugins/com.st.stm32cube.ide.mcu.externaltools.gnu-tools-for-stm32.12.3.rel1.linux64_1.0.100.202403111256/tools/bin/../lib/gcc/arm-none-eabi/12.3.1/../../../../arm-none-eabi/lib/thumb/v7e-m+fp/hard/libc_nano.a(libc_a-strncpy.o)
 .ARM.attributes
                0x0000065b       0x34 /opt/st/stm32cubeide_1.15.1/plugins/com.st.stm32cube.ide.mcu.externaltools.gnu-tools-for-stm32.12.3.rel1.linux64_1.0.100.202403111256/tools/bin/../lib/gcc/arm-none-eabi/12.3.1/../../../../arm-none-eabi/lib/thumb/v7e-m+fp/hard/libc_nano.a(libc_a-strnlen.o)
 .ARM.attributes
                0x0000068f       0x34 /opt/st/stm32cubeide_1.15.1/plugins/com.st.stm32cube.ide.mcu.externaltools.gnu-tools-for-stm32.12.3.rel1.linux64_1.0.100.202403111256/tools/bin/../lib/gcc/arm-none-eabi/12.3.1/../../../../arm-none-eabi/lib/thumb/v7e-m+fp/hard/libc_nano.a(libc_a-reent.o)
 .ARM.attributes
                0x000006c3       0x34 /opt/st/stm32cubeide_1.15.1/plugins/com.st.stm32cube.ide.mcu.externaltools.gnu-tools-for-stm32.12.3.rel1.linux64_1.0.100.202403111256/tools/bin/../lib/gcc/arm-none-eabi/12.3.1/../../../../arm-none-eabi/lib/thumb/v7e-m+fp/hard/libc_nano.a(libc_a-impure.o)
 .ARM.attributes
                0x000006f7       0x34 /opt/st/stm32cubeide_1.15.1/plugins/com.st.stm32cube.ide.mcu.externaltools.gnu-tools-for-stm32.12.3.rel1.linux64_1.0.100.202403111256/tools/bin/../lib/gcc/arm-none-eabi/12.3.1/../../../../arm-none-eabi/lib/thumb/v7e-m+fp/hard/libc_nano.a(libc_a-errno.o)
 .ARM.attributes
                0x0000072b       0x34 /opt/st/stm32cubeide_1.15.1/plugins/com.st.stm32cube.ide.mcu.externaltools.gnu-tools-for-stm32.12.3.rel1.linux64_1.0.100.202403111256/tools/bin/../lib/gcc/arm-none-eabi/12.3.1/../../../../arm-none-eabi/lib/thumb/v7e-m+fp/hard/libc_nano.a(libc_a-init.o)
 .ARM.attributes
                0x0000075f       0x34 /opt/st/stm32cubeide_1.15.1/plugins/com.st.stm32cube.ide.mcu.externaltools.gnu-tools-for-stm32.12.3.rel1.linux64_1.0.100.202403111256/tools/bin/../lib/gcc/arm-none-eabi/12.3.1/../../../../arm-none-eabi/lib/thumb/v7e-m+fp/hard/libc_nano.a(libc_a-lock.o)
 .ARM.attributes
                0x00000793       0x34 /opt/st/stm32cubeide_1.15.1/plugins/com.st.stm32cube.ide.mcu.externaltools.gnu-tools-for-stm32.12.3.rel1.linux64_1.0.100.202403111256/tools/bin/../lib/gcc/arm-none-eabi/12.3.1/../../../../arm-none-eabi/lib/thumb/v7e-m+fp/hard/libc_nano.a(libc_a-memcpy-stub.o)
 .ARM.attributes
                0x000007c7       0x17 /opt/st/stm32cubeide_1.15.1/plugins/com.st.stm32cube.ide.mcu.externaltools.gnu-tools-for-stm32.12.3.rel1.linux64_1.0.100.202403111256/tools/bin/../lib/gcc/arm-none-eabi/12.3.1/../../../../arm-none-eabi/lib/thumb/v7e-m+fp/hard/libc_nano.a(libc_a-strlen.o)
 .ARM.attributes
                0x000007de       0x34 /opt/st/stm32cubeide_1.15.1/plugins/com.st.stm32cube.ide.mcu.externaltools.gnu-tools-for-stm32.12.3.rel1.linux64_1.0.100.202403111256/tools/bin/../lib/gcc/arm-none-eabi/12.3.1/../../../../arm-none-eabi/lib/thumb/v7e-m+fp/hard/libc_nano.a(libc_a-freer.o)
 .ARM.attributes
                0x00000812       0x34 /opt/st/stm32cubeide_1.15.1/plugins/com.st.stm32cube.ide.mcu.externaltools.gnu-tools-for-stm32.12.3.rel1.linux64_1.0.100.202403111256/tools/bin/../lib/gcc/arm-none-eabi/12.3.1/../../../../arm-none-eabi/lib/thumb/v7e-m+fp/hard/libc_nano.a(libc_a-mallocr.o)
 .ARM.attributes
                0x00000846       0x34 /opt/st/stm32cubeide_1.15.1/plugins/com.st.stm32cube.ide.mcu.externaltools.gnu-tools-for-stm32.12.3.rel1.linux64_1.0.100.202403111256/tools/bin/../lib/gcc/arm-none-eabi/12.3.1/../../../../arm-none-eabi/lib/thumb/v7e-m+fp/hard/libc_nano.a(libc_a-mlock.o)
 .ARM.attributes
                0x0000087a       0x34 /opt/st/stm32cubeide_1.15.1/plugins/com.st.stm32cube.ide.mcu.externaltools.gnu-tools-for-stm32.12.3.rel1.linux64_1.0.100.202403111256/tools/bin/../lib/gcc/arm-none-eabi/12.3.1/../../../../arm-none-eabi/lib/thumb/v7e-m+fp/hard/libc_nano.a(libc_a-nano-svfprintf.o)
 .ARM.attributes
                0x000008ae       0x34 /opt/st/stm32cubeide_1.15.1/plugins/com.st.stm32cube.ide.mcu.externaltools.gnu-tools-for-stm32.12.3.rel1.linux64_1.0.100.202403111256/tools/bin/../lib/gcc/arm-none-eabi/12.3.1/../../../../arm-none-eabi/lib/thumb/v7e-m+fp/hard/libc_nano.a(libc_a-nano-vfprintf_i.o)
 .ARM.attributes
                0x000008e2       0x34 /opt/st/stm32cubeide_1.15.1/plugins/com.st.stm32cube.ide.mcu.externaltools.gnu-tools-for-stm32.12.3.rel1.linux64_1.0.100.202403111256/tools/bin/../lib/gcc/arm-none-eabi/12.3.1/../../../../arm-none-eabi/lib/thumb/v7e-m+fp/hard/libc_nano.a(libc_a-memmove.o)
 .ARM.attributes
                0x00000916       0x34 /opt/st/stm32cubeide_1.15.1/plugins/com.st.stm32cube.ide.mcu.externaltools.gnu-tools-for-stm32.12.3.rel1.linux64_1.0.100.202403111256/tools/bin/../lib/gcc/arm-none-eabi/12.3.1/../../../../arm-none-eabi/lib/thumb/v7e-m+fp/hard/libc_nano.a(libc_a-sbrkr.o)
 .ARM.attributes
                0x0000094a       0x1c /opt/st/stm32cubeide_1.15.1/plugins/com.st.stm32cube.ide.mcu.externaltools.gnu-tools-for-stm32.12.3.rel1.linux64_1.0.100.202403111256/tools/bin/../lib/gcc/arm-none-eabi/12.3.1/../../../../arm-none-eabi/lib/thumb/v7e-m+fp/hard/libc_nano.a(libc_a-memchr.o)
 .ARM.attributes
                0x00000966       0x34 /opt/st/stm32cubeide_1.15.1/plugins/com.st.stm32cube.ide.mcu.externaltools.gnu-tools-for-stm32.12.3.rel1.linux64_1.0.100.202403111256/tools/bin/../lib/gcc/arm-none-eabi/12.3.1/../../../../arm-none-eabi/lib/thumb/v7e-m+fp/hard/libc_nano.a(libc_a-reallocr.o)
 .ARM.attributes
                0x0000099a       0x34 /opt/st/stm32cubeide_1.15.1/plugins/com.st.stm32cube.ide.mcu.externaltools.gnu-tools-for-stm32.12.3.rel1.linux64_1.0.100.202403111256/tools/bin/../lib/gcc/arm-none-eabi/12.3.1/../../../../arm-none-eabi/lib/thumb/v7e-m+fp/hard/libc_nano.a(libc_a-msizer.o)
 .ARM.attributes
                0x000009ce       0x22 /opt/st/stm32cubeide_1.15.1/plugins/com.st.stm32cube.ide.mcu.externaltools.gnu-tools-for-stm32.12.3.rel1.linux64_1.0.100.202403111256/tools/bin/../lib/gcc/arm-none-eabi/12.3.1/thumb/v7e-m+fp/hard/libgcc.a(_aeabi_uldivmod.o)
 .ARM.attributes
                0x000009f0       0x34 /opt/st/stm32cubeide_1.15.1/plugins/com.st.stm32cube.ide.mcu.externaltools.gnu-tools-for-stm32.12.3.rel1.linux64_1.0.100.202403111256/tools/bin/../lib/gcc/arm-none-eabi/12.3.1/thumb/v7e-m+fp/hard/libgcc.a(_udivmoddi4.o)
 .ARM.attributes
                0x00000a24       0x22 /opt/st/stm32cubeide_1.15.1/plugins/com.st.stm32cube.ide.mcu.externaltools.gnu-tools-for-stm32.12.3.rel1.linux64_1.0.100.202403111256/tools/bin/../lib/gcc/arm-none-eabi/12.3.1/thumb/v7e-m+fp/hard/libgcc.a(_dvmd_tls.o)
 .ARM.attributes
                0x00000a46       0x22 /opt/st/stm32cubeide_1.15.1/plugins/com.st.stm32cube.ide.mcu.externaltools.gnu-tools-for-stm32.12.3.rel1.linux64_1.0.100.202403111256/tools/bin/../lib/gcc/arm-none-eabi/12.3.1/thumb/v7e-m+fp/hard/crtn.o
OUTPUT(grupo_3_tp_3.elf elf32-littlearm)
LOAD linker stubs
LOAD /opt/st/stm32cubeide_1.15.1/plugins/com.st.stm32cube.ide.mcu.externaltools.gnu-tools-for-stm32.12.3.rel1.linux64_1.0.100.202403111256/tools/bin/../lib/gcc/arm-none-eabi/12.3.1/../../../../arm-none-eabi/lib/thumb/v7e-m+fp/hard/libc.a
LOAD /opt/st/stm32cubeide_1.15.1/plugins/com.st.stm32cube.ide.mcu.externaltools.gnu-tools-for-stm32.12.3.rel1.linux64_1.0.100.202403111256/tools/bin/../lib/gcc/arm-none-eabi/12.3.1/../../../../arm-none-eabi/lib/thumb/v7e-m+fp/hard/libm.a
LOAD /opt/st/stm32cubeide_1.15.1/plugins/com.st.stm32cube.ide.mcu.externaltools.gnu-tools-for-stm32.12.3.rel1.linux64_1.0.100.202403111256/tools/bin/../lib/gcc/arm-none-eabi/12.3.1/thumb/v7e-m+fp/hard/libgcc.a

.debug_info     0x00000000    0x15f2c
 .debug_info    0x00000000      0x275 ./Core/Src/freertos.o
 .debug_info    0x00000275     0x1e97 ./Core/Src/main.o
 .debug_info    0x0000210c     0x1a2e ./Core/Src/stm32f4xx_hal_msp.o
 .debug_info    0x00003b3a      0x116 ./Core/Src/stm32f4xx_it.o
 .debug_info    0x00003c50      0x164 ./Core/Src/sysmem.o
 .debug_info    0x00003db4      0x52a ./Core/Src/system_stm32f4xx.o
 .debug_info    0x000042de       0x30 ./Core/Startup/startup_stm32f429zitx.o
 .debug_info    0x0000430e      0x9b6 ./Drivers/STM32F4xx_HAL_Driver/Src/stm32f4xx_hal.o
 .debug_info    0x00004cc4      0xdbe ./Drivers/STM32F4xx_HAL_Driver/Src/stm32f4xx_hal_cortex.o
 .debug_info    0x00005a82     0x218f ./Drivers/STM32F4xx_HAL_Driver/Src/stm32f4xx_hal_eth.o
 .debug_info    0x00007c11      0x6d7 ./Drivers/STM32F4xx_HAL_Driver/Src/stm32f4xx_hal_gpio.o
 .debug_info    0x000082e8     0x156b ./Drivers/STM32F4xx_HAL_Driver/Src/stm32f4xx_hal_pcd.o
 .debug_info    0x00009853      0x8d7 ./Drivers/STM32F4xx_HAL_Driver/Src/stm32f4xx_hal_rcc.o
 .debug_info    0x0000a12a     0x2f4b ./Drivers/STM32F4xx_HAL_Driver/Src/stm32f4xx_hal_uart.o
 .debug_info    0x0000d075     0x198f ./Drivers/STM32F4xx_HAL_Driver/Src/stm32f4xx_ll_usb.o
 .debug_info    0x0000ea04     0x1b5c ./Middlewares/Third_Party/FreeRTOS/Source/CMSIS_RTOS/cmsis_os.o
 .debug_info    0x00010560      0x2ab ./Middlewares/Third_Party/FreeRTOS/Source/list.o
 .debug_info    0x0001080b     0x17c9 ./Middlewares/Third_Party/FreeRTOS/Source/queue.o
 .debug_info    0x00011fd4     0x1ca3 ./Middlewares/Third_Party/FreeRTOS/Source/tasks.o
 .debug_info    0x00013c77      0x4da ./Middlewares/Third_Party/FreeRTOS/Source/portable/GCC/ARM_CM4F/port.o
 .debug_info    0x00014151      0x4d1 ./Middlewares/Third_Party/FreeRTOS/Source/portable/MemMang/heap_4.o
 .debug_info    0x00014622       0xb8 ./app/src/app.o
 .debug_info    0x000146da      0x540 ./app/src/task_button.o
 .debug_info    0x00014c1a      0x496 ./app/src/task_led.o
 .debug_info    0x000150b0      0x873 ./app/src/task_uart.o
 .debug_info    0x00015923      0x609 ./app/src/task_ui.o

.debug_abbrev   0x00000000     0x380a
 .debug_abbrev  0x00000000       0xd0 ./Core/Src/freertos.o
 .debug_abbrev  0x000000d0      0x37d ./Core/Src/main.o
 .debug_abbrev  0x0000044d      0x26e ./Core/Src/stm32f4xx_hal_msp.o
 .debug_abbrev  0x000006bb       0x95 ./Core/Src/stm32f4xx_it.o
 .debug_abbrev  0x00000750       0xba ./Core/Src/sysmem.o
 .debug_abbrev  0x0000080a      0x118 ./Core/Src/system_stm32f4xx.o
 .debug_abbrev  0x00000922       0x24 ./Core/Startup/startup_stm32f429zitx.o
 .debug_abbrev  0x00000946      0x212 ./Drivers/STM32F4xx_HAL_Driver/Src/stm32f4xx_hal.o
 .debug_abbrev  0x00000b58      0x31b ./Drivers/STM32F4xx_HAL_Driver/Src/stm32f4xx_hal_cortex.o
 .debug_abbrev  0x00000e73      0x35a ./Drivers/STM32F4xx_HAL_Driver/Src/stm32f4xx_hal_eth.o
 .debug_abbrev  0x000011cd      0x1d2 ./Drivers/STM32F4xx_HAL_Driver/Src/stm32f4xx_hal_gpio.o
 .debug_abbrev  0x0000139f      0x2b7 ./Drivers/STM32F4xx_HAL_Driver/Src/stm32f4xx_hal_pcd.o
 .debug_abbrev  0x00001656      0x2b5 ./Drivers/STM32F4xx_HAL_Driver/Src/stm32f4xx_hal_rcc.o
 .debug_abbrev  0x0000190b      0x30c ./Drivers/STM32F4xx_HAL_Driver/Src/stm32f4xx_hal_uart.o
 .debug_abbrev  0x00001c17      0x2b1 ./Drivers/STM32F4xx_HAL_Driver/Src/stm32f4xx_ll_usb.o
 .debug_abbrev  0x00001ec8      0x3b5 ./Middlewares/Third_Party/FreeRTOS/Source/CMSIS_RTOS/cmsis_os.o
 .debug_abbrev  0x0000227d       0xf3 ./Middlewares/Third_Party/FreeRTOS/Source/list.o
 .debug_abbrev  0x00002370      0x3b3 ./Middlewares/Third_Party/FreeRTOS/Source/queue.o
 .debug_abbrev  0x00002723      0x357 ./Middlewares/Third_Party/FreeRTOS/Source/tasks.o
 .debug_abbrev  0x00002a7a      0x25a ./Middlewares/Third_Party/FreeRTOS/Source/portable/GCC/ARM_CM4F/port.o
 .debug_abbrev  0x00002cd4      0x21b ./Middlewares/Third_Party/FreeRTOS/Source/portable/MemMang/heap_4.o
 .debug_abbrev  0x00002eef       0x83 ./app/src/app.o
 .debug_abbrev  0x00002f72      0x22f ./app/src/task_button.o
 .debug_abbrev  0x000031a1      0x23f ./app/src/task_led.o
 .debug_abbrev  0x000033e0      0x1fa ./app/src/task_uart.o
 .debug_abbrev  0x000035da      0x230 ./app/src/task_ui.o

.debug_aranges  0x00000000     0x1258
 .debug_aranges
                0x00000000       0x20 ./Core/Src/freertos.o
 .debug_aranges
                0x00000020       0x58 ./Core/Src/main.o
 .debug_aranges
                0x00000078       0x50 ./Core/Src/stm32f4xx_hal_msp.o
 .debug_aranges
                0x000000c8       0x50 ./Core/Src/stm32f4xx_it.o
 .debug_aranges
                0x00000118       0x20 ./Core/Src/sysmem.o
 .debug_aranges
                0x00000138       0x28 ./Core/Src/system_stm32f4xx.o
 .debug_aranges
                0x00000160       0x28 ./Core/Startup/startup_stm32f429zitx.o
 .debug_aranges
                0x00000188      0x100 ./Drivers/STM32F4xx_HAL_Driver/Src/stm32f4xx_hal.o
 .debug_aranges
                0x00000288      0x130 ./Drivers/STM32F4xx_HAL_Driver/Src/stm32f4xx_hal_cortex.o
 .debug_aranges
                0x000003b8      0x1e8 ./Drivers/STM32F4xx_HAL_Driver/Src/stm32f4xx_hal_eth.o
 .debug_aranges
                0x000005a0       0x58 ./Drivers/STM32F4xx_HAL_Driver/Src/stm32f4xx_hal_gpio.o
 .debug_aranges
                0x000005f8      0x148 ./Drivers/STM32F4xx_HAL_Driver/Src/stm32f4xx_hal_pcd.o
 .debug_aranges
                0x00000740       0x88 ./Drivers/STM32F4xx_HAL_Driver/Src/stm32f4xx_hal_rcc.o
 .debug_aranges
                0x000007c8      0x208 ./Drivers/STM32F4xx_HAL_Driver/Src/stm32f4xx_hal_uart.o
 .debug_aranges
                0x000009d0      0x1a0 ./Drivers/STM32F4xx_HAL_Driver/Src/stm32f4xx_ll_usb.o
 .debug_aranges
                0x00000b70      0x1d8 ./Middlewares/Third_Party/FreeRTOS/Source/CMSIS_RTOS/cmsis_os.o
 .debug_aranges
                0x00000d48       0x40 ./Middlewares/Third_Party/FreeRTOS/Source/list.o
 .debug_aranges
                0x00000d88      0x108 ./Middlewares/Third_Party/FreeRTOS/Source/queue.o
 .debug_aranges
                0x00000e90      0x1b8 ./Middlewares/Third_Party/FreeRTOS/Source/tasks.o
 .debug_aranges
                0x00001048       0x80 ./Middlewares/Third_Party/FreeRTOS/Source/portable/GCC/ARM_CM4F/port.o
 .debug_aranges
                0x000010c8       0x58 ./Middlewares/Third_Party/FreeRTOS/Source/portable/MemMang/heap_4.o
 .debug_aranges
                0x00001120       0x20 ./app/src/app.o
 .debug_aranges
                0x00001140       0x40 ./app/src/task_button.o
 .debug_aranges
                0x00001180       0x50 ./app/src/task_led.o
 .debug_aranges
                0x000011d0       0x38 ./app/src/task_uart.o
 .debug_aranges
                0x00001208       0x50 ./app/src/task_ui.o

.debug_rnglists
                0x00000000      0xe00
 .debug_rnglists
                0x00000000       0x13 ./Core/Src/freertos.o
 .debug_rnglists
                0x00000013       0x40 ./Core/Src/main.o
 .debug_rnglists
                0x00000053       0x3a ./Core/Src/stm32f4xx_hal_msp.o
 .debug_rnglists
                0x0000008d       0x37 ./Core/Src/stm32f4xx_it.o
 .debug_rnglists
                0x000000c4       0x13 ./Core/Src/sysmem.o
 .debug_rnglists
                0x000000d7       0x1a ./Core/Src/system_stm32f4xx.o
 .debug_rnglists
                0x000000f1       0x19 ./Core/Startup/startup_stm32f429zitx.o
 .debug_rnglists
                0x0000010a       0xbb ./Drivers/STM32F4xx_HAL_Driver/Src/stm32f4xx_hal.o
 .debug_rnglists
                0x000001c5       0xe0 ./Drivers/STM32F4xx_HAL_Driver/Src/stm32f4xx_hal_cortex.o
 .debug_rnglists
                0x000002a5      0x182 ./Drivers/STM32F4xx_HAL_Driver/Src/stm32f4xx_hal_eth.o
 .debug_rnglists
                0x00000427       0x3f ./Drivers/STM32F4xx_HAL_Driver/Src/stm32f4xx_hal_gpio.o
 .debug_rnglists
                0x00000466       0xfa ./Drivers/STM32F4xx_HAL_Driver/Src/stm32f4xx_hal_pcd.o
 .debug_rnglists
                0x00000560       0x66 ./Drivers/STM32F4xx_HAL_Driver/Src/stm32f4xx_hal_rcc.o
 .debug_rnglists
                0x000005c6      0x1bc ./Drivers/STM32F4xx_HAL_Driver/Src/stm32f4xx_hal_uart.o
 .debug_rnglists
                0x00000782      0x147 ./Drivers/STM32F4xx_HAL_Driver/Src/stm32f4xx_ll_usb.o
 .debug_rnglists
                0x000008c9      0x16a ./Middlewares/Third_Party/FreeRTOS/Source/CMSIS_RTOS/cmsis_os.o
 .debug_rnglists
                0x00000a33       0x2b ./Middlewares/Third_Party/FreeRTOS/Source/list.o
 .debug_rnglists
                0x00000a5e       0xcd ./Middlewares/Third_Party/FreeRTOS/Source/queue.o
 .debug_rnglists
                0x00000b2b      0x15f ./Middlewares/Third_Party/FreeRTOS/Source/tasks.o
 .debug_rnglists
                0x00000c8a       0x5d ./Middlewares/Third_Party/FreeRTOS/Source/portable/GCC/ARM_CM4F/port.o
 .debug_rnglists
                0x00000ce7       0x42 ./Middlewares/Third_Party/FreeRTOS/Source/portable/MemMang/heap_4.o
 .debug_rnglists
                0x00000d29       0x13 ./app/src/app.o
 .debug_rnglists
                0x00000d3c       0x2d ./app/src/task_button.o
 .debug_rnglists
                0x00000d69       0x38 ./app/src/task_led.o
 .debug_rnglists
                0x00000da1       0x26 ./app/src/task_uart.o
 .debug_rnglists
                0x00000dc7       0x39 ./app/src/task_ui.o

.debug_line     0x00000000     0xf4eb
 .debug_line    0x00000000      0x256 ./Core/Src/freertos.o
 .debug_line    0x00000256      0x757 ./Core/Src/main.o
 .debug_line    0x000009ad      0x42a ./Core/Src/stm32f4xx_hal_msp.o
 .debug_line    0x00000dd7      0x1d0 ./Core/Src/stm32f4xx_it.o
 .debug_line    0x00000fa7      0x2ad ./Core/Src/sysmem.o
 .debug_line    0x00001254      0x2c4 ./Core/Src/system_stm32f4xx.o
 .debug_line    0x00001518       0x7a ./Core/Startup/startup_stm32f429zitx.o
 .debug_line    0x00001592      0x5e9 ./Drivers/STM32F4xx_HAL_Driver/Src/stm32f4xx_hal.o
 .debug_line    0x00001b7b      0x865 ./Drivers/STM32F4xx_HAL_Driver/Src/stm32f4xx_hal_cortex.o
 .debug_line    0x000023e0     0x15bf ./Drivers/STM32F4xx_HAL_Driver/Src/stm32f4xx_hal_eth.o
 .debug_line    0x0000399f      0x715 ./Drivers/STM32F4xx_HAL_Driver/Src/stm32f4xx_hal_gpio.o
 .debug_line    0x000040b4     0x1087 ./Drivers/STM32F4xx_HAL_Driver/Src/stm32f4xx_hal_pcd.o
 .debug_line    0x0000513b      0x946 ./Drivers/STM32F4xx_HAL_Driver/Src/stm32f4xx_hal_rcc.o
 .debug_line    0x00005a81     0x24cd ./Drivers/STM32F4xx_HAL_Driver/Src/stm32f4xx_hal_uart.o
 .debug_line    0x00007f4e     0x1973 ./Drivers/STM32F4xx_HAL_Driver/Src/stm32f4xx_ll_usb.o
 .debug_line    0x000098c1      0xfa2 ./Middlewares/Third_Party/FreeRTOS/Source/CMSIS_RTOS/cmsis_os.o
 .debug_line    0x0000a863      0x367 ./Middlewares/Third_Party/FreeRTOS/Source/list.o
 .debug_line    0x0000abca     0x123d ./Middlewares/Third_Party/FreeRTOS/Source/queue.o
 .debug_line    0x0000be07     0x1615 ./Middlewares/Third_Party/FreeRTOS/Source/tasks.o
 .debug_line    0x0000d41c      0x583 ./Middlewares/Third_Party/FreeRTOS/Source/portable/GCC/ARM_CM4F/port.o
 .debug_line    0x0000d99f      0x653 ./Middlewares/Third_Party/FreeRTOS/Source/portable/MemMang/heap_4.o
 .debug_line    0x0000dff2       0x74 ./app/src/app.o
 .debug_line    0x0000e066      0x592 ./app/src/task_button.o
 .debug_line    0x0000e5f8      0x432 ./app/src/task_led.o
 .debug_line    0x0000ea2a      0x52e ./app/src/task_uart.o
 .debug_line    0x0000ef58      0x593 ./app/src/task_ui.o

.debug_str      0x00000000     0x6a78
 .debug_str     0x00000000      0x2c7 ./Core/Src/freertos.o
                                0x335 (size before relaxing)
 .debug_str     0x000002c7     0x13c3 ./Core/Src/main.o
                               0x173e (size before relaxing)
 .debug_str     0x0000168a      0x620 ./Core/Src/stm32f4xx_hal_msp.o
                               0x166b (size before relaxing)
 .debug_str     0x00001caa       0xc7 ./Core/Src/stm32f4xx_it.o
                                0x275 (size before relaxing)
 .debug_str     0x00001d71       0x7d ./Core/Src/sysmem.o
                                0x24b (size before relaxing)
 .debug_str     0x00001dee       0xdb ./Core/Src/system_stm32f4xx.o
                                0x3ae (size before relaxing)
 .debug_str     0x00001ec9       0x44 ./Core/Startup/startup_stm32f429zitx.o
                                 0x90 (size before relaxing)
 .debug_str     0x00001f0d      0x37b ./Drivers/STM32F4xx_HAL_Driver/Src/stm32f4xx_hal.o
                                0xc3c (size before relaxing)
 .debug_str     0x00002288      0x484 ./Drivers/STM32F4xx_HAL_Driver/Src/stm32f4xx_hal_cortex.o
                                0xcff (size before relaxing)
 .debug_str     0x0000270c      0xcc5 ./Drivers/STM32F4xx_HAL_Driver/Src/stm32f4xx_hal_eth.o
                               0x1706 (size before relaxing)
 .debug_str     0x000033d1       0xd1 ./Drivers/STM32F4xx_HAL_Driver/Src/stm32f4xx_hal_gpio.o
                                0x519 (size before relaxing)
 .debug_str     0x000034a2      0x7ea ./Drivers/STM32F4xx_HAL_Driver/Src/stm32f4xx_hal_pcd.o
                                0xe2b (size before relaxing)
 .debug_str     0x00003c8c      0x17f ./Drivers/STM32F4xx_HAL_Driver/Src/stm32f4xx_hal_rcc.o
                                0x72e (size before relaxing)
 .debug_str     0x00003e0b      0x657 ./Drivers/STM32F4xx_HAL_Driver/Src/stm32f4xx_hal_uart.o
                                0xdb0 (size before relaxing)
 .debug_str     0x00004462      0x4ab ./Drivers/STM32F4xx_HAL_Driver/Src/stm32f4xx_ll_usb.o
                                0xd54 (size before relaxing)
 .debug_str     0x0000490d      0xaa0 ./Middlewares/Third_Party/FreeRTOS/Source/CMSIS_RTOS/cmsis_os.o
                               0x10af (size before relaxing)
 .debug_str     0x000053ad      0x139 ./Middlewares/Third_Party/FreeRTOS/Source/list.o
                                0x328 (size before relaxing)
 .debug_str     0x000054e6      0x5ae ./Middlewares/Third_Party/FreeRTOS/Source/queue.o
                                0xb80 (size before relaxing)
 .debug_str     0x00005a94      0x801 ./Middlewares/Third_Party/FreeRTOS/Source/tasks.o
                               0x1041 (size before relaxing)
 .debug_str     0x00006295      0x180 ./Middlewares/Third_Party/FreeRTOS/Source/portable/GCC/ARM_CM4F/port.o
                                0x4a8 (size before relaxing)
 .debug_str     0x00006415      0x2c4 ./Middlewares/Third_Party/FreeRTOS/Source/portable/MemMang/heap_4.o
                                0x541 (size before relaxing)
 .debug_str     0x000066d9       0x3a ./app/src/app.o
                                0x1e6 (size before relaxing)
 .debug_str     0x00006713      0x190 ./app/src/task_button.o
                                0x4b1 (size before relaxing)
 .debug_str     0x000068a3       0xf1 ./app/src/task_led.o
                                0x454 (size before relaxing)
 .debug_str     0x00006994       0x64 ./app/src/task_uart.o
                                0x7d6 (size before relaxing)
 .debug_str     0x000069f8       0x80 ./app/src/task_ui.o
                                0x516 (size before relaxing)

.comment        0x00000000       0x43
 .comment       0x00000000       0x43 ./Core/Src/freertos.o
                                 0x44 (size before relaxing)
 .comment       0x00000043       0x44 ./Core/Src/main.o
 .comment       0x00000043       0x44 ./Core/Src/stm32f4xx_hal_msp.o
 .comment       0x00000043       0x44 ./Core/Src/stm32f4xx_it.o
 .comment       0x00000043       0x44 ./Core/Src/sysmem.o
 .comment       0x00000043       0x44 ./Core/Src/system_stm32f4xx.o
 .comment       0x00000043       0x44 ./Drivers/STM32F4xx_HAL_Driver/Src/stm32f4xx_hal.o
 .comment       0x00000043       0x44 ./Drivers/STM32F4xx_HAL_Driver/Src/stm32f4xx_hal_cortex.o
 .comment       0x00000043       0x44 ./Drivers/STM32F4xx_HAL_Driver/Src/stm32f4xx_hal_eth.o
 .comment       0x00000043       0x44 ./Drivers/STM32F4xx_HAL_Driver/Src/stm32f4xx_hal_gpio.o
 .comment       0x00000043       0x44 ./Drivers/STM32F4xx_HAL_Driver/Src/stm32f4xx_hal_pcd.o
 .comment       0x00000043       0x44 ./Drivers/STM32F4xx_HAL_Driver/Src/stm32f4xx_hal_rcc.o
 .comment       0x00000043       0x44 ./Drivers/STM32F4xx_HAL_Driver/Src/stm32f4xx_hal_uart.o
 .comment       0x00000043       0x44 ./Drivers/STM32F4xx_HAL_Driver/Src/stm32f4xx_ll_usb.o
 .comment       0x00000043       0x44 ./Middlewares/Third_Party/FreeRTOS/Source/CMSIS_RTOS/cmsis_os.o
 .comment       0x00000043       0x44 ./Middlewares/Third_Party/FreeRTOS/Source/list.o
 .comment       0x00000043       0x44 ./Middlewares/Third_Party/FreeRTOS/Source/queue.o
 .comment       0x00000043       0x44 ./Middlewares/Third_Party/FreeRTOS/Source/tasks.o
 .comment       0x00000043       0x44 ./Middlewares/Third_Party/FreeRTOS/Source/portable/GCC/ARM_CM4F/port.o
 .comment       0x00000043       0x44 ./Middlewares/Third_Party/FreeRTOS/Source/portable/MemMang/heap_4.o
 .comment       0x00000043       0x44 ./app/src/app.o
 .comment       0x00000043       0x44 ./app/src/task_button.o
 .comment       0x00000043       0x44 ./app/src/task_led.o
 .comment       0x00000043       0x44 ./app/src/task_uart.o
 .comment       0x00000043       0x44 ./app/src/task_ui.o

.debug_frame    0x00000000     0x5064
 .debug_frame   0x00000000       0x38 ./Core/Src/freertos.o
 .debug_frame   0x00000038      0x108 ./Core/Src/main.o
 .debug_frame   0x00000140      0x10c ./Core/Src/stm32f4xx_hal_msp.o
 .debug_frame   0x0000024c       0xc4 ./Core/Src/stm32f4xx_it.o
 .debug_frame   0x00000310       0x34 ./Core/Src/sysmem.o
 .debug_frame   0x00000344       0x58 ./Core/Src/system_stm32f4xx.o
 .debug_frame   0x0000039c      0x3b4 ./Drivers/STM32F4xx_HAL_Driver/Src/stm32f4xx_hal.o
 .debug_frame   0x00000750      0x508 ./Drivers/STM32F4xx_HAL_Driver/Src/stm32f4xx_hal_cortex.o
 .debug_frame   0x00000c58      0x8c0 ./Drivers/STM32F4xx_HAL_Driver/Src/stm32f4xx_hal_eth.o
 .debug_frame   0x00001518      0x14c ./Drivers/STM32F4xx_HAL_Driver/Src/stm32f4xx_hal_gpio.o
 .debug_frame   0x00001664      0x5b8 ./Drivers/STM32F4xx_HAL_Driver/Src/stm32f4xx_hal_pcd.o
 .debug_frame   0x00001c1c      0x1f4 ./Drivers/STM32F4xx_HAL_Driver/Src/stm32f4xx_hal_rcc.o
 .debug_frame   0x00001e10      0x954 ./Drivers/STM32F4xx_HAL_Driver/Src/stm32f4xx_hal_uart.o
 .debug_frame   0x00002764      0x7c0 ./Drivers/STM32F4xx_HAL_Driver/Src/stm32f4xx_ll_usb.o
 .debug_frame   0x00002f24      0x80c ./Middlewares/Third_Party/FreeRTOS/Source/CMSIS_RTOS/cmsis_os.o
 .debug_frame   0x00003730       0xd8 ./Middlewares/Third_Party/FreeRTOS/Source/list.o
 .debug_frame   0x00003808      0x46c ./Middlewares/Third_Party/FreeRTOS/Source/queue.o
 .debug_frame   0x00003c74      0x77c ./Middlewares/Third_Party/FreeRTOS/Source/tasks.o
 .debug_frame   0x000043f0      0x1a8 ./Middlewares/Third_Party/FreeRTOS/Source/portable/GCC/ARM_CM4F/port.o
 .debug_frame   0x00004598      0x12c ./Middlewares/Third_Party/FreeRTOS/Source/portable/MemMang/heap_4.o
 .debug_frame   0x000046c4       0x2c ./app/src/app.o
 .debug_frame   0x000046f0       0xc4 ./app/src/task_button.o
 .debug_frame   0x000047b4       0xec ./app/src/task_led.o
 .debug_frame   0x000048a0       0x98 ./app/src/task_uart.o
 .debug_frame   0x00004938       0xf8 ./app/src/task_ui.o
 .debug_frame   0x00004a30      0x144 /opt/st/stm32cubeide_1.15.1/plugins/com.st.stm32cube.ide.mcu.externaltools.gnu-tools-for-stm32.12.3.rel1.linux64_1.0.100.202403111256/tools/bin/../lib/gcc/arm-none-eabi/12.3.1/../../../../arm-none-eabi/lib/thumb/v7e-m+fp/hard/libc_nano.a(libc_a-findfp.o)
 .debug_frame   0x00004b74       0x6c /opt/st/stm32cubeide_1.15.1/plugins/com.st.stm32cube.ide.mcu.externaltools.gnu-tools-for-stm32.12.3.rel1.linux64_1.0.100.202403111256/tools/bin/../lib/gcc/arm-none-eabi/12.3.1/../../../../arm-none-eabi/lib/thumb/v7e-m+fp/hard/libc_nano.a(libc_a-sprintf.o)